<html>
<body>
<pre>
<h1>µVision Build Log</h1>
<h2>Tool Versions:</h2>
IDE-Version: µVision V5.23.0.0
Copyright (C) 2017 ARM Ltd and ARM Germany GmbH. All rights reserved.
License Information: a HP Inc., HP Inc., LIC=Q7GNN-YDBHZ-9YAVW-Q0NI2-HTE5M-7Z39V
 
Tool Versions:
Toolchain:       MDK-ARM Professional  Version: 5.23
Toolchain Path:  C:\Keil_v5\ARM\ARMCC\Bin
C Compiler:      Armcc.exe V5.06 update 4 (build 422)
Assembler:       Armasm.exe V5.06 update 4 (build 422)
Linker/Locator:  ArmLink.exe V5.06 update 4 (build 422)
Library Manager: ArmAr.exe V5.06 update 4 (build 422)
Hex Converter:   FromElf.exe V5.06 update 4 (build 422)
CPU DLL:         SARMCM3.DLL V5.23
Dialog DLL:      DCM.DLL V1.15.0.0
Target DLL:      Segger\JL2CM3.dll V2.99.23.0
Dialog DLL:      TCM.DLL V1.27.0.0
 
<h2>Project:</h2>
F:\Work\stm32\jbc_soldering_station\MDK-ARM\jbc_soldering_station.uvprojx
Project File Date:  03/11/2018

<h2>Output:</h2>
*** Using Compiler 'V5.06 update 4 (build 422)', folder: 'C:\Keil_v5\ARM\ARMCC\Bin'
Rebuild target 'jbc_soldering_station'
compiling croutine.c...
compiling list.c...
compiling heap_4.c...
compiling event_groups.c...
compiling queue.c...
compiling tasks.c...
compiling port.c...
compiling cmsis_os.c...
compiling timers.c...
compiling stm32f1xx_hal_flash_ex.c...
compiling stm32f1xx_hal_pwr.c...
compiling stm32f1xx_hal_flash.c...
compiling system_stm32f1xx.c...
compiling stm32f1xx_hal_dma.c...
compiling stm32f1xx_hal_gpio.c...
compiling stm32f1xx_hal_tim_ex.c...
compiling stm32f1xx_hal_i2c.c...
compiling stm32f1xx_hal_adc_ex.c...
compiling stm32f1xx_hal_rcc_ex.c...
compiling stm32f1xx_hal.c...
compiling stm32f1xx_hal_cortex.c...
compiling stm32f1xx_hal_rcc.c...
compiling stm32f1xx_hal_adc.c...
compiling freertos.c...
assembling startup_stm32f103xb.s...
compiling stm32f1xx_hal_gpio_ex.c...
compiling stm32f1xx_hal_tim.c...
compiling thermo_settings.c...
compiling stm32f1xx_hal_timebase_TIM.c...
compiling init.c...
compiling tm1637_periph.c...
..\Src\tm1637_periph.c(6): warning:  #188-D: enumerated type mixed with another type
      HAL_GPIO_WritePin(
M1637_CLK_GPIO_Port, 
M1637_CLK_Pin, SET);
..\Src\tm1637_periph.c(10): warning:  #188-D: enumerated type mixed with another type
      HAL_GPIO_WritePin(
M1637_CLK_GPIO_Port, 
M1637_CLK_Pin, RESET);
..\Src\tm1637_periph.c(14): warning:  #188-D: enumerated type mixed with another type
      HAL_GPIO_WritePin(
M1637_IO_GPIO_Port, 
M1637_IO_Pin, SET);
..\Src\tm1637_periph.c(18): warning:  #188-D: enumerated type mixed with another type
      HAL_GPIO_WritePin(
M1637_IO_GPIO_Port, 
M1637_IO_Pin, RESET);
..\Src\tm1637_periph.c: 4 warnings, 0 errors
compiling stm32f1xx_hal_msp.c...
compiling tm1637.c...
compiling main.c...
compiling stm32f1xx_it.c...
compiling buzzer.c...
compiling thermo_settings_periph.c...
compiling thermo_controller_periph.c...
..\Src\thermo_controller_periph.c(6): warning:  #188-D: enumerated type mixed with another type
      HAL_GPIO_WritePin(
EATER_GPIO_Port, 
EATER_Pin, SET);
..\Src\thermo_controller_periph.c(10): warning:  #188-D: enumerated type mixed with another type
      HAL_GPIO_WritePin(
EATER_GPIO_Port, 
EATER_Pin, RESET);
..\Src\thermo_controller_periph.c(14): warning:  #188-D: enumerated type mixed with another type
      HAL_GPIO_WritePin(
EMP_STAB_LED_GPIO_Port, 
EMP_STAB_LED_Pin, SET);
..\Src\thermo_controller_periph.c(18): warning:  #188-D: enumerated type mixed with another type
      HAL_GPIO_WritePin(
EMP_STAB_LED_GPIO_Port, 
EMP_STAB_LED_Pin, RESET);
..\Src\thermo_controller_periph.c(22): warning:  #188-D: enumerated type mixed with another type
      HAL_GPIO_WritePin(
ET_TEMP_LED_GPIO_Port, 
ET_TEMP_LED_Pin, SET);
..\Src\thermo_controller_periph.c(26): warning:  #188-D: enumerated type mixed with another type
      HAL_GPIO_WritePin(
ET_TEMP_LED_GPIO_Port, 
ET_TEMP_LED_Pin, RESET);
..\Src\thermo_controller_periph.c: 6 warnings, 0 errors
compiling buzzer_periph.c...
compiling cradle.c...
compiling thermo_controller.c...
linking...
Program Size: Code=14852 RO-data=368 RW-data=184 ZI-data=13904  
"jbc_soldering_station\jbc_soldering_station.axf" - 0 Error(s), 10 Warning(s).

<h2>Software Packages used:</h2>

Package Vendor: ARM
                http://www.keil.com/pack/ARM.CMSIS.5.1.0.pack
                ARM::CMSIS:CORE:5.0.2
                CMSIS (Cortex Microcontroller Software Interface Standard)
   * Component: CORE Version: 5.0.2

<h2>Collection of Component include folders:</h2>
  .\RTE\_jbc_soldering_station
  C:\Keil_v5\ARM\PACK\ARM\CMSIS\5.1.0\CMSIS\Include
  C:\Keil_v5\ARM\PACK\Keil\STM32F1xx_DFP\2.2.0\Device\Include

<h2>Collection of Component Files used:</h2>

   * Component: ARM::CMSIS:CORE:5.0.2
Build Time Elapsed:  00:00:08
</pre>
</body>
</html>
