Component: ARM Compiler 5.06 update 4 (build 422) Tool: armlink [4d35d2]

==============================================================================

Section Cross References

    heap_4.o(i.prvHeapInit) refers to heap_4.o(.bss) for .bss
    heap_4.o(i.prvHeapInit) refers to heap_4.o(.data) for .data
    heap_4.o(i.prvInsertBlockIntoFreeList) refers to heap_4.o(.data) for .data
    heap_4.o(i.pvPortMalloc) refers to tasks.o(i.vTaskSuspendAll) for vTaskSuspendAll
    heap_4.o(i.pvPortMalloc) refers to heap_4.o(i.prvHeapInit) for prvHeapInit
    heap_4.o(i.pvPortMalloc) refers to heap_4.o(i.prvInsertBlockIntoFreeList) for prvInsertBlockIntoFreeList
    heap_4.o(i.pvPortMalloc) refers to tasks.o(i.xTaskResumeAll) for xTaskResumeAll
    heap_4.o(i.pvPortMalloc) refers to heap_4.o(.data) for .data
    heap_4.o(i.vPortFree) refers to tasks.o(i.vTaskSuspendAll) for vTaskSuspendAll
    heap_4.o(i.vPortFree) refers to heap_4.o(i.prvInsertBlockIntoFreeList) for prvInsertBlockIntoFreeList
    heap_4.o(i.vPortFree) refers to tasks.o(i.xTaskResumeAll) for xTaskResumeAll
    heap_4.o(i.vPortFree) refers to heap_4.o(.data) for .data
    heap_4.o(i.xPortGetFreeHeapSize) refers to heap_4.o(.data) for .data
    heap_4.o(i.xPortGetMinimumEverFreeHeapSize) refers to heap_4.o(.data) for .data
    queue.o(i.pcQueueGetName) refers to queue.o(.bss) for .bss
    queue.o(i.prvCopyDataFromQueue) refers to memcpya.o(.text) for __aeabi_memcpy
    queue.o(i.prvCopyDataToQueue) refers to memcpya.o(.text) for __aeabi_memcpy
    queue.o(i.prvCopyDataToQueue) refers to tasks.o(i.xTaskPriorityDisinherit) for xTaskPriorityDisinherit
    queue.o(i.prvIsQueueEmpty) refers to port.o(i.vPortEnterCritical) for vPortEnterCritical
    queue.o(i.prvIsQueueEmpty) refers to port.o(i.vPortExitCritical) for vPortExitCritical
    queue.o(i.prvUnlockQueue) refers to port.o(i.vPortEnterCritical) for vPortEnterCritical
    queue.o(i.prvUnlockQueue) refers to tasks.o(i.xTaskRemoveFromEventList) for xTaskRemoveFromEventList
    queue.o(i.prvUnlockQueue) refers to tasks.o(i.vTaskMissedYield) for vTaskMissedYield
    queue.o(i.prvUnlockQueue) refers to port.o(i.vPortExitCritical) for vPortExitCritical
    queue.o(i.uxQueueMessagesWaiting) refers to port.o(i.vPortEnterCritical) for vPortEnterCritical
    queue.o(i.uxQueueMessagesWaiting) refers to port.o(i.vPortExitCritical) for vPortExitCritical
    queue.o(i.uxQueueSpacesAvailable) refers to port.o(i.vPortEnterCritical) for vPortEnterCritical
    queue.o(i.uxQueueSpacesAvailable) refers to port.o(i.vPortExitCritical) for vPortExitCritical
    queue.o(i.vQueueAddToRegistry) refers to queue.o(.bss) for .bss
    queue.o(i.vQueueDelete) refers to queue.o(i.vQueueUnregisterQueue) for vQueueUnregisterQueue
    queue.o(i.vQueueDelete) refers to heap_4.o(i.vPortFree) for vPortFree
    queue.o(i.vQueueUnregisterQueue) refers to queue.o(.bss) for .bss
    queue.o(i.vQueueWaitForMessageRestricted) refers to port.o(i.vPortEnterCritical) for vPortEnterCritical
    queue.o(i.vQueueWaitForMessageRestricted) refers to port.o(i.vPortExitCritical) for vPortExitCritical
    queue.o(i.vQueueWaitForMessageRestricted) refers to tasks.o(i.vTaskPlaceOnEventListRestricted) for vTaskPlaceOnEventListRestricted
    queue.o(i.vQueueWaitForMessageRestricted) refers to queue.o(i.prvUnlockQueue) for prvUnlockQueue
    queue.o(i.xQueueCreateMutex) refers to queue.o(i.xQueueGenericCreate) for xQueueGenericCreate
    queue.o(i.xQueueCreateMutex) refers to queue.o(i.xQueueGenericSend) for xQueueGenericSend
    queue.o(i.xQueueGenericCreate) refers to heap_4.o(i.pvPortMalloc) for pvPortMalloc
    queue.o(i.xQueueGenericCreate) refers to queue.o(i.xQueueGenericReset) for xQueueGenericReset
    queue.o(i.xQueueGenericReceive) refers to tasks.o(i.xTaskGetSchedulerState) for xTaskGetSchedulerState
    queue.o(i.xQueueGenericReceive) refers to port.o(i.vPortEnterCritical) for vPortEnterCritical
    queue.o(i.xQueueGenericReceive) refers to queue.o(i.prvCopyDataFromQueue) for prvCopyDataFromQueue
    queue.o(i.xQueueGenericReceive) refers to tasks.o(i.xTaskRemoveFromEventList) for xTaskRemoveFromEventList
    queue.o(i.xQueueGenericReceive) refers to port.o(i.vPortExitCritical) for vPortExitCritical
    queue.o(i.xQueueGenericReceive) refers to tasks.o(i.pvTaskIncrementMutexHeldCount) for pvTaskIncrementMutexHeldCount
    queue.o(i.xQueueGenericReceive) refers to tasks.o(i.vTaskSetTimeOutState) for vTaskSetTimeOutState
    queue.o(i.xQueueGenericReceive) refers to tasks.o(i.vTaskSuspendAll) for vTaskSuspendAll
    queue.o(i.xQueueGenericReceive) refers to tasks.o(i.xTaskCheckForTimeOut) for xTaskCheckForTimeOut
    queue.o(i.xQueueGenericReceive) refers to queue.o(i.prvUnlockQueue) for prvUnlockQueue
    queue.o(i.xQueueGenericReceive) refers to tasks.o(i.xTaskResumeAll) for xTaskResumeAll
    queue.o(i.xQueueGenericReceive) refers to queue.o(i.prvIsQueueEmpty) for prvIsQueueEmpty
[...]
    ../clib/microlib/init/entry.s            0x00000000   Number         0  entry8b.o ABSOLUTE
    ../clib/microlib/longlong.c              0x00000000   Number         0  llushr.o ABSOLUTE
    ../clib/microlib/string/memcpy.c         0x00000000   Number         0  memcpya.o ABSOLUTE
    ../clib/microlib/string/memcpy.c         0x00000000   Number         0  memcpyb.o ABSOLUTE
    ..\Drivers\STM32F1xx_HAL_Driver\Src\stm32f1xx_hal.c 0x00000000   Number         0  stm32f1xx_hal.o ABSOLUTE
    ..\Drivers\STM32F1xx_HAL_Driver\Src\stm32f1xx_hal_adc.c 0x00000000   Number         0  stm32f1xx_hal_adc.o ABSOLUTE
    ..\Drivers\STM32F1xx_HAL_Driver\Src\stm32f1xx_hal_adc_ex.c 0x00000000   Number         0  stm32f1xx_hal_adc_ex.o ABSOLUTE
    ..\Drivers\STM32F1xx_HAL_Driver\Src\stm32f1xx_hal_cortex.c 0x00000000   Number         0  stm32f1xx_hal_cortex.o ABSOLUTE
    ..\Drivers\STM32F1xx_HAL_Driver\Src\stm32f1xx_hal_dma.c 0x00000000   Number         0  stm32f1xx_hal_dma.o ABSOLUTE
    ..\Drivers\STM32F1xx_HAL_Driver\Src\stm32f1xx_hal_flash.c 0x00000000   Number         0  stm32f1xx_hal_flash.o ABSOLUTE
    ..\Drivers\STM32F1xx_HAL_Driver\Src\stm32f1xx_hal_flash_ex.c 0x00000000   Number         0  stm32f1xx_hal_flash_ex.o ABSOLUTE
    ..\Drivers\STM32F1xx_HAL_Driver\Src\stm32f1xx_hal_gpio.c 0x00000000   Number         0  stm32f1xx_hal_gpio.o ABSOLUTE
    ..\Drivers\STM32F1xx_HAL_Driver\Src\stm32f1xx_hal_gpio_ex.c 0x00000000   Number         0  stm32f1xx_hal_gpio_ex.o ABSOLUTE
    ..\Drivers\STM32F1xx_HAL_Driver\Src\stm32f1xx_hal_i2c.c 0x00000000   Number         0  stm32f1xx_hal_i2c.o ABSOLUTE
    ..\Drivers\STM32F1xx_HAL_Driver\Src\stm32f1xx_hal_pwr.c 0x00000000   Number         0  stm32f1xx_hal_pwr.o ABSOLUTE
    ..\Drivers\STM32F1xx_HAL_Driver\Src\stm32f1xx_hal_rcc.c 0x00000000   Number         0  stm32f1xx_hal_rcc.o ABSOLUTE
    ..\Drivers\STM32F1xx_HAL_Driver\Src\stm32f1xx_hal_rcc_ex.c 0x00000000   Number         0  stm32f1xx_hal_rcc_ex.o ABSOLUTE
    ..\Drivers\STM32F1xx_HAL_Driver\Src\stm32f1xx_hal_tim.c 0x00000000   Number         0  stm32f1xx_hal_tim.o ABSOLUTE
    ..\Drivers\STM32F1xx_HAL_Driver\Src\stm32f1xx_hal_tim_ex.c 0x00000000   Number         0  stm32f1xx_hal_tim_ex.o ABSOLUTE
    ..\Middlewares\Third_Party\FreeRTOS\Source\CMSIS_RTOS\cmsis_os.c 0x00000000   Number         0  cmsis_os.o ABSOLUTE
    ..\Middlewares\Third_Party\FreeRTOS\Source\portable\RVDS\ARM_CM3\port.c 0x00000000   Number         0  port.o ABSOLUTE
    ..\Src\buzzer.c                          0x00000000   Number         0  buzzer.o ABSOLUTE
    ..\Src\buzzer_periph.c                   0x00000000   Number         0  buzzer_periph.o ABSOLUTE
    ..\Src\cradle.c                          0x00000000   Number         0  cradle.o ABSOLUTE
    ..\Src\init.c                            0x00000000   Number         0  init.o ABSOLUTE
    ..\Src\main.c                            0x00000000   Number         0  main.o ABSOLUTE
    ..\Src\stm32f1xx_hal_msp.c               0x00000000   Number         0  stm32f1xx_hal_msp.o ABSOLUTE
    ..\Src\stm32f1xx_hal_timebase_TIM.c      0x00000000   Number         0  stm32f1xx_hal_timebase_tim.o ABSOLUTE
    ..\Src\stm32f1xx_it.c                    0x00000000   Number         0  stm32f1xx_it.o ABSOLUTE
    ..\Src\system_stm32f1xx.c                0x00000000   Number         0  system_stm32f1xx.o ABSOLUTE
    ..\Src\thermo_controller.c               0x00000000   Number         0  thermo_controller.o ABSOLUTE
    ..\Src\thermo_controller_periph.c        0x00000000   Number         0  thermo_controller_periph.o ABSOLUTE
    ..\Src\thermo_settings.c                 0x00000000   Number         0  thermo_settings.o ABSOLUTE
    ..\Src\thermo_settings_periph.c          0x00000000   Number         0  thermo_settings_periph.o ABSOLUTE
    ..\Src\tm1637.c                          0x00000000   Number         0  tm1637.o ABSOLUTE
    ..\Src\tm1637_periph.c                   0x00000000   Number         0  tm1637_periph.o ABSOLUTE
    ..\\Src\\buzzer_periph.c                 0x00000000   Number         0  buzzer_periph.o ABSOLUTE
    ..\\Src\\cradle.c                        0x00000000   Number         0  cradle.o ABSOLUTE
    ..\\Src\\init.c                          0x00000000   Number         0  init.o ABSOLUTE
    ..\\Src\\thermo_controller.c             0x00000000   Number         0  thermo_controller.o ABSOLUTE
    ..\\Src\\thermo_controller_periph.c      0x00000000   Number         0  thermo_controller_periph.o ABSOLUTE
    ..\\Src\\thermo_settings_periph.c        0x00000000   Number         0  thermo_settings_periph.o ABSOLUTE
    ..\\Src\\tm1637.c                        0x00000000   Number         0  tm1637.o ABSOLUTE
    ..\\Src\\tm1637_periph.c                 0x00000000   Number         0  tm1637_periph.o ABSOLUTE
    dc.s                                     0x00000000   Number         0  dc.o ABSOLUTE
    handlers.s                               0x00000000   Number         0  handlers.o ABSOLUTE
    init.s                                   0x00000000   Number         0  init.o ABSOLUTE
    startup_stm32f103xb.s                    0x00000000   Number         0  startup_stm32f103xb.o ABSOLUTE
    RESET                                    0x08000000   Section      236  startup_stm32f103xb.o(RESET)
    .ARM.Collect$$$$00000000                 0x080000ec   Section        0  entry.o(.ARM.Collect$$$$00000000)
    .ARM.Collect$$$$00000001                 0x080000ec   Section        4  entry2.o(.ARM.Collect$$$$00000001)
    .ARM.Collect$$$$00000004                 0x080000f0   Section        4  entry5.o(.ARM.Collect$$$$00000004)
    .ARM.Collect$$$$00000008                 0x080000f4   Section        0  entry7b.o(.ARM.Collect$$$$00000008)
    .ARM.Collect$$$$0000000A                 0x080000f4   Section        0  entry8b.o(.ARM.Collect$$$$0000000A)
    .ARM.Collect$$$$0000000B                 0x080000f4   Section        8  entry9a.o(.ARM.Collect$$$$0000000B)
    .ARM.Collect$$$$0000000D                 0x080000fc   Section        0  entry10a.o(.ARM.Collect$$$$0000000D)
    .ARM.Collect$$$$0000000F                 0x080000fc   Section        0  entry11a.o(.ARM.Collect$$$$0000000F)
    .ARM.Collect$$$$00002712                 0x080000fc   Section        4  entry2.o(.ARM.Collect$$$$00002712)
    __lit__00000000                          0x080000fc   Data           4  entry2.o(.ARM.Collect$$$$00002712)
    .emb_text                                0x08000100   Section      150  port.o(.emb_text)
    .text                                    0x08000198   Section       36  startup_stm32f103xb.o(.text)
    .text                                    0x080001bc   Section        0  memcpya.o(.text)
    .text                                    0x080001e0   Section       36  init.o(.text)
    i.ADC_ConversionStop_Disable             0x08000204   Section        0  stm32f1xx_hal_adc.o(i.ADC_ConversionStop_Disable)
    i.ADC_Enable                             0x08000250   Section        0  stm32f1xx_hal_adc.o(i.ADC_Enable)
    i.BusFault_Handler                       0x080002c0   Section        0  stm32f1xx_it.o(i.BusFault_Handler)
    i.DebugMon_Handler                       0x080002c2   Section        0  stm32f1xx_it.o(i.DebugMon_Handler)
    i.EXTI2_IRQHandler                       0x080002c4   Section        0  cradle.o(i.EXTI2_IRQHandler)
    i.HAL_ADC_ConfigChannel                  0x080002ec   Section        0  stm32f1xx_hal_adc.o(i.HAL_ADC_ConfigChannel)
    i.HAL_ADC_GetValue                       0x080003e8   Section        0  stm32f1xx_hal_adc.o(i.HAL_ADC_GetValue)
    i.HAL_ADC_Init                           0x080003f0   Section        0  stm32f1xx_hal_adc.o(i.HAL_ADC_Init)
    i.HAL_ADC_MspInit                        0x0800050c   Section        0  stm32f1xx_hal_msp.o(i.HAL_ADC_MspInit)
    i.HAL_ADC_PollForConversion              0x08000568   Section        0  stm32f1xx_hal_adc.o(i.HAL_ADC_PollForConversion)
    i.HAL_ADC_Start                          0x08000698   Section        0  stm32f1xx_hal_adc.o(i.HAL_ADC_Start)
    i.HAL_ADC_Stop                           0x08000758   Section        0  stm32f1xx_hal_adc.o(i.HAL_ADC_Stop)
    i.HAL_Delay                              0x0800078c   Section        0  stm32f1xx_hal.o(i.HAL_Delay)
    i.HAL_GPIO_EXTI_Callback                 0x080007a8   Section        0  stm32f1xx_hal_gpio.o(i.HAL_GPIO_EXTI_Callback)
    i.HAL_GPIO_EXTI_IRQHandler               0x080007ac   Section        0  stm32f1xx_hal_gpio.o(i.HAL_GPIO_EXTI_IRQHandler)
    i.HAL_GPIO_Init                          0x080007c4   Section        0  stm32f1xx_hal_gpio.o(i.HAL_GPIO_Init)
    i.HAL_GPIO_ReadPin                       0x08000980   Section        0  stm32f1xx_hal_gpio.o(i.HAL_GPIO_ReadPin)
    i.HAL_GPIO_WritePin                      0x0800098a   Section        0  stm32f1xx_hal_gpio.o(i.HAL_GPIO_WritePin)
    i.HAL_GetTick                            0x08000994   Section        0  stm32f1xx_hal.o(i.HAL_GetTick)
    i.HAL_I2C_Init                           0x080009a0   Section        0  stm32f1xx_hal_i2c.o(i.HAL_I2C_Init)
    i.HAL_I2C_MspInit                        0x08000aa8   Section        0  stm32f1xx_hal_msp.o(i.HAL_I2C_MspInit)
    i.HAL_IncTick                            0x08000aec   Section        0  stm32f1xx_hal.o(i.HAL_IncTick)
    i.HAL_Init                               0x08000afc   Section        0  stm32f1xx_hal.o(i.HAL_Init)
    i.HAL_InitTick                           0x08000b20   Section        0  stm32f1xx_hal_timebase_tim.o(i.HAL_InitTick)
    i.HAL_MspInit                            0x08000b94   Section        0  stm32f1xx_hal_msp.o(i.HAL_MspInit)
    i.HAL_NVIC_EnableIRQ                     0x08000c18   Section        0  stm32f1xx_hal_cortex.o(i.HAL_NVIC_EnableIRQ)
    i.HAL_NVIC_SetPriority                   0x08000c30   Section        0  stm32f1xx_hal_cortex.o(i.HAL_NVIC_SetPriority)
    i.HAL_NVIC_SetPriorityGrouping           0x08000c70   Section        0  stm32f1xx_hal_cortex.o(i.HAL_NVIC_SetPriorityGrouping)
    i.HAL_RCCEx_GetPeriphCLKFreq             0x08000c94   Section        0  stm32f1xx_hal_rcc_ex.o(i.HAL_RCCEx_GetPeriphCLKFreq)
    i.HAL_RCCEx_PeriphCLKConfig              0x08000d5c   Section        0  stm32f1xx_hal_rcc_ex.o(i.HAL_RCCEx_PeriphCLKConfig)
    i.HAL_RCC_ClockConfig                    0x08000e48   Section        0  stm32f1xx_hal_rcc.o(i.HAL_RCC_ClockConfig)
    i.HAL_RCC_GetClockConfig                 0x08000f9c   Section        0  stm32f1xx_hal_rcc.o(i.HAL_RCC_GetClockConfig)
    i.HAL_RCC_GetHCLKFreq                    0x08000fdc   Section        0  stm32f1xx_hal_rcc.o(i.HAL_RCC_GetHCLKFreq)
    i.HAL_RCC_GetPCLK1Freq                   0x08000fe8   Section        0  stm32f1xx_hal_rcc.o(i.HAL_RCC_GetPCLK1Freq)
    i.HAL_RCC_GetPCLK2Freq                   0x08001008   Section        0  stm32f1xx_hal_rcc.o(i.HAL_RCC_GetPCLK2Freq)
    i.HAL_RCC_GetSysClockFreq                0x08001028   Section        0  stm32f1xx_hal_rcc.o(i.HAL_RCC_GetSysClockFreq)
    i.HAL_RCC_OscConfig                      0x08001094   Section        0  stm32f1xx_hal_rcc.o(i.HAL_RCC_OscConfig)
    i.HAL_SYSTICK_CLKSourceConfig            0x08001398   Section        0  stm32f1xx_hal_cortex.o(i.HAL_SYSTICK_CLKSourceConfig)
    i.HAL_SYSTICK_Config                     0x080013b0   Section        0  stm32f1xx_hal_cortex.o(i.HAL_SYSTICK_Config)
    i.HAL_TIMEx_BreakCallback                0x080013d8   Section        0  stm32f1xx_hal_tim_ex.o(i.HAL_TIMEx_BreakCallback)
    i.HAL_TIMEx_CommutationCallback          0x080013da   Section        0  stm32f1xx_hal_tim_ex.o(i.HAL_TIMEx_CommutationCallback)
    i.HAL_TIMEx_MasterConfigSynchronization  0x080013dc   Section        0  stm32f1xx_hal_tim_ex.o(i.HAL_TIMEx_MasterConfigSynchronization)
    i.HAL_TIM_Base_Init                      0x0800142c   Section        0  stm32f1xx_hal_tim.o(i.HAL_TIM_Base_Init)
    i.HAL_TIM_Base_MspInit                   0x08001462   Section        0  stm32f1xx_hal_tim.o(i.HAL_TIM_Base_MspInit)
    i.HAL_TIM_Base_Start_IT                  0x08001464   Section        0  stm32f1xx_hal_tim.o(i.HAL_TIM_Base_Start_IT)
    i.HAL_TIM_IC_CaptureCallback             0x0800147c   Section        0  stm32f1xx_hal_tim.o(i.HAL_TIM_IC_CaptureCallback)
    i.HAL_TIM_IRQHandler                     0x0800147e   Section        0  stm32f1xx_hal_tim.o(i.HAL_TIM_IRQHandler)
    i.HAL_TIM_MspPostInit                    0x080015e4   Section        0  stm32f1xx_hal_msp.o(i.HAL_TIM_MspPostInit)
    i.HAL_TIM_OC_DelayElapsedCallback        0x08001620   Section        0  stm32f1xx_hal_tim.o(i.HAL_TIM_OC_DelayElapsedCallback)
    i.HAL_TIM_PWM_ConfigChannel              0x08001622   Section        0  stm32f1xx_hal_tim.o(i.HAL_TIM_PWM_ConfigChannel)
    i.HAL_TIM_PWM_Init                       0x080016f2   Section        0  stm32f1xx_hal_tim.o(i.HAL_TIM_PWM_Init)
    i.HAL_TIM_PWM_MspInit                    0x08001728   Section        0  stm32f1xx_hal_msp.o(i.HAL_TIM_PWM_MspInit)
    i.HAL_TIM_PWM_PulseFinishedCallback      0x0800174c   Section        0  stm32f1xx_hal_tim.o(i.HAL_TIM_PWM_PulseFinishedCallback)
    i.HAL_TIM_PWM_Start                      0x08001750   Section        0  stm32f1xx_hal_tim.o(i.HAL_TIM_PWM_Start)
    i.HAL_TIM_PWM_Stop                       0x08001780   Section        0  stm32f1xx_hal_tim.o(i.HAL_TIM_PWM_Stop)
    i.HAL_TIM_PeriodElapsedCallback          0x080017d4   Section        0  main.o(i.HAL_TIM_PeriodElapsedCallback)
    i.HAL_TIM_TriggerCallback                0x080017e8   Section        0  stm32f1xx_hal_tim.o(i.HAL_TIM_TriggerCallback)
    i.HardFault_Handler                      0x080017ea   Section        0  stm32f1xx_it.o(i.HardFault_Handler)
    i.MX_ADC1_Init                           0x080017ec   Section        0  init.o(i.MX_ADC1_Init)
    i.MX_ADC2_Init                           0x0800184c   Section        0  init.o(i.MX_ADC2_Init)
    i.MX_GPIO_Init                           0x080018ac   Section        0  init.o(i.MX_GPIO_Init)
    i.MX_I2C1_Init                           0x08001984   Section        0  init.o(i.MX_I2C1_Init)
    i.MX_NVIC_Init                           0x080019d8   Section        0  init.o(i.MX_NVIC_Init)
    i.MX_TIM2_Init                           0x080019f0   Section        0  init.o(i.MX_TIM2_Init)
    i.MemManage_Handler                      0x08001a70   Section        0  stm32f1xx_it.o(i.MemManage_Handler)
    i.NMI_Handler                            0x08001a72   Section        0  stm32f1xx_it.o(i.NMI_Handler)
    i.NVIC_SetPriority                       0x08001a74   Section        0  stm32f1xx_hal_cortex.o(i.NVIC_SetPriority)
    NVIC_SetPriority                         0x08001a75   Thumb Code    32  stm32f1xx_hal_cortex.o(i.NVIC_SetPriority)
    i.StartDefaultTask                       0x08001a94   Section        0  main.o(i.StartDefaultTask)
    i.SysTick_Handler                        0x08001a9c   Section        0  stm32f1xx_it.o(i.SysTick_Handler)
    i.SystemClock_Config                     0x08001aa0   Section        0  init.o(i.SystemClock_Config)
    i.SystemInit                             0x08001b3c   Section        0  system_stm32f1xx.o(i.SystemInit)
    i.TIM3_IRQHandler                        0x08001b84   Section        0  stm32f1xx_it.o(i.TIM3_IRQHandler)
    i.TIM_Base_SetConfig                     0x08001b90   Section        0  stm32f1xx_hal_tim.o(i.TIM_Base_SetConfig)
    i.TIM_CCxChannelCmd                      0x08001bfc   Section        0  stm32f1xx_hal_tim.o(i.TIM_CCxChannelCmd)
    i.TIM_OC1_SetConfig                      0x08001c14   Section        0  stm32f1xx_hal_tim.o(i.TIM_OC1_SetConfig)
    TIM_OC1_SetConfig                        0x08001c15   Thumb Code    74  stm32f1xx_hal_tim.o(i.TIM_OC1_SetConfig)
    i.TIM_OC2_SetConfig                      0x08001c64   Section        0  stm32f1xx_hal_tim.o(i.TIM_OC2_SetConfig)
    i.TIM_OC3_SetConfig                      0x08001cbc   Section        0  stm32f1xx_hal_tim.o(i.TIM_OC3_SetConfig)
    TIM_OC3_SetConfig                        0x08001cbd   Thumb Code    82  stm32f1xx_hal_tim.o(i.TIM_OC3_SetConfig)
    i.TIM_OC4_SetConfig                      0x08001d14   Section        0  stm32f1xx_hal_tim.o(i.TIM_OC4_SetConfig)
    TIM_OC4_SetConfig                        0x08001d15   Thumb Code    64  stm32f1xx_hal_tim.o(i.TIM_OC4_SetConfig)
    i.UsageFault_Handler                     0x08001d58   Section        0  stm32f1xx_it.o(i.UsageFault_Handler)
    i._Error_Handler                         0x08001d5a   Section        0  main.o(i._Error_Handler)
    i.__scatterload_copy                     0x08001d5c   Section       14  handlers.o(i.__scatterload_copy)
    i.__scatterload_null                     0x08001d6a   Section        2  handlers.o(i.__scatterload_null)
    i.__scatterload_zeroinit                 0x08001d6c   Section       14  handlers.o(i.__scatterload_zeroinit)
    i.buzz                                   0x08001d7c   Section        0  buzzer.o(i.buzz)
    i.buzz_init                              0x08001d90   Section        0  buzzer_periph.o(i.buzz_init)
    i.buzz_off                               0x08001db8   Section        0  buzzer_periph.o(i.buzz_off)
    i.buzz_on                                0x08001dc4   Section        0  buzzer_periph.o(i.buzz_on)
    i.buzz_x2                                0x08001dd0   Section        0  buzzer.o(i.buzz_x2)
    i.buzzer_init                            0x08001de0   Section        0  buzzer.o(i.buzzer_init)
    i.buzzer_task                            0x08001e04   Section        0  buzzer.o(i.buzzer_task)
    buzzer_task                              0x08001e05   Thumb Code    70  buzzer.o(i.buzzer_task)
    i.cradle_callback                        0x08001e50   Section        0  cradle.o(i.cradle_callback)
    i.cradle_init                            0x08001e68   Section        0  cradle.o(i.cradle_init)
    i.get_current_temp_raw                   0x08001e8c   Section        0  thermo_controller_periph.o(i.get_current_temp_raw)
    i.get_temp_off                           0x08001eb4   Section        0  thermo_controller_periph.o(i.get_temp_off)
    i.get_temp_on                            0x08001ec4   Section        0  thermo_controller_periph.o(i.get_temp_on)
    i.get_thermo_setting_val                 0x08001ed4   Section        0  thermo_settings_periph.o(i.get_thermo_setting_val)
    i.heater_off                             0x08001efc   Section        0  thermo_controller_periph.o(i.heater_off)
    i.heater_on                              0x08001f0c   Section        0  thermo_controller_periph.o(i.heater_on)
    i.iron_left_parking                      0x08001f1c   Section        0  thermo_controller.o(i.iron_left_parking)
    i.iron_parked                            0x08001f30   Section        0  thermo_controller.o(i.iron_parked)
    i.is_parked                              0x08001f44   Section        0  cradle.o(i.is_parked)
    i.main                                   0x08001f5c   Section        0  main.o(i.main)
    i.makeFreeRtosPriority                   0x08001fb8   Section        0  cmsis_os.o(i.makeFreeRtosPriority)
    makeFreeRtosPriority                     0x08001fb9   Thumb Code    12  cmsis_os.o(i.makeFreeRtosPriority)
    i.osDelay                                0x08001fc4   Section        0  cmsis_os.o(i.osDelay)
    i.osKernelStart                          0x08001fd2   Section        0  cmsis_os.o(i.osKernelStart)
    i.osSystickHandler                       0x08001fdc   Section        0  cmsis_os.o(i.osSystickHandler)
    i.osThreadCreate                         0x08001ff0   Section        0  cmsis_os.o(i.osThreadCreate)
    i.prvAddCurrentTaskToDelayedList         0x08002020   Section        0  tasks.o(i.prvAddCurrentTaskToDelayedList)
    prvAddCurrentTaskToDelayedList           0x08002021   Thumb Code   102  tasks.o(i.prvAddCurrentTaskToDelayedList)
    i.prvAddNewTaskToReadyList               0x08002090   Section        0  tasks.o(i.prvAddNewTaskToReadyList)
    prvAddNewTaskToReadyList                 0x08002091   Thumb Code   194  tasks.o(i.prvAddNewTaskToReadyList)
    i.prvCheckForValidListAndQueue           0x08002160   Section        0  timers.o(i.prvCheckForValidListAndQueue)
    prvCheckForValidListAndQueue             0x08002161   Thumb Code    62  timers.o(i.prvCheckForValidListAndQueue)
    i.prvCheckTasksWaitingTermination        0x080021b0   Section        0  tasks.o(i.prvCheckTasksWaitingTermination)
    prvCheckTasksWaitingTermination          0x080021b1   Thumb Code    70  tasks.o(i.prvCheckTasksWaitingTermination)
    i.prvCopyDataFromQueue                   0x08002200   Section        0  queue.o(i.prvCopyDataFromQueue)
    prvCopyDataFromQueue                     0x08002201   Thumb Code    38  queue.o(i.prvCopyDataFromQueue)
    i.prvCopyDataToQueue                     0x08002226   Section        0  queue.o(i.prvCopyDataToQueue)
    prvCopyDataToQueue                       0x08002227   Thumb Code   108  queue.o(i.prvCopyDataToQueue)
    i.prvDeleteTCB                           0x08002292   Section        0  tasks.o(i.prvDeleteTCB)
    prvDeleteTCB                             0x08002293   Thumb Code    20  tasks.o(i.prvDeleteTCB)
    i.prvHeapInit                            0x080022a8   Section        0  heap_4.o(i.prvHeapInit)
    prvHeapInit                              0x080022a9   Thumb Code    64  heap_4.o(i.prvHeapInit)
    i.prvIdleTask                            0x080022f0   Section        0  tasks.o(i.prvIdleTask)
    prvIdleTask                              0x080022f1   Thumb Code    30  tasks.o(i.prvIdleTask)
    i.prvInitialiseNewTask                   0x08002318   Section        0  tasks.o(i.prvInitialiseNewTask)
    prvInitialiseNewTask                     0x08002319   Thumb Code   142  tasks.o(i.prvInitialiseNewTask)
    i.prvInsertBlockIntoFreeList             0x080023a8   Section        0  heap_4.o(i.prvInsertBlockIntoFreeList)
    prvInsertBlockIntoFreeList               0x080023a9   Thumb Code    72  heap_4.o(i.prvInsertBlockIntoFreeList)
    i.prvInsertTimerInActiveList             0x080023f4   Section        0  timers.o(i.prvInsertTimerInActiveList)
    prvInsertTimerInActiveList               0x080023f5   Thumb Code    52  timers.o(i.prvInsertTimerInActiveList)
    i.prvIsQueueEmpty                        0x0800242c   Section        0  queue.o(i.prvIsQueueEmpty)
    prvIsQueueEmpty                          0x0800242d   Thumb Code    28  queue.o(i.prvIsQueueEmpty)
    i.prvProcessReceivedCommands             0x08002448   Section        0  timers.o(i.prvProcessReceivedCommands)
    prvProcessReceivedCommands               0x08002449   Thumb Code   180  timers.o(i.prvProcessReceivedCommands)
    i.prvProcessTimerOrBlockTask             0x08002500   Section        0  timers.o(i.prvProcessTimerOrBlockTask)
    prvProcessTimerOrBlockTask               0x08002501   Thumb Code   172  timers.o(i.prvProcessTimerOrBlockTask)
    i.prvResetNextTaskUnblockTime            0x080025b4   Section        0  tasks.o(i.prvResetNextTaskUnblockTime)
    prvResetNextTaskUnblockTime              0x080025b5   Thumb Code    26  tasks.o(i.prvResetNextTaskUnblockTime)
    i.prvSampleTimeNow                       0x080025d4   Section        0  timers.o(i.prvSampleTimeNow)
    prvSampleTimeNow                         0x080025d5   Thumb Code    36  timers.o(i.prvSampleTimeNow)
    i.prvSwitchTimerLists                    0x080025fc   Section        0  timers.o(i.prvSwitchTimerLists)
    prvSwitchTimerLists                      0x080025fd   Thumb Code   102  timers.o(i.prvSwitchTimerLists)
    i.prvTaskExitError                       0x08002668   Section        0  port.o(i.prvTaskExitError)
    prvTaskExitError                         0x08002669   Thumb Code    36  port.o(i.prvTaskExitError)
    i.prvTimerTask                           0x08002690   Section        0  timers.o(i.prvTimerTask)
    prvTimerTask                             0x08002691   Thumb Code    32  timers.o(i.prvTimerTask)
    i.prvUnlockQueue                         0x080026b4   Section        0  queue.o(i.prvUnlockQueue)
    prvUnlockQueue                           0x080026b5   Thumb Code   106  queue.o(i.prvUnlockQueue)
    i.pvPortMalloc                           0x08002720   Section        0  heap_4.o(i.pvPortMalloc)
    i.pvTaskIncrementMutexHeldCount          0x080027f8   Section        0  tasks.o(i.pvTaskIncrementMutexHeldCount)
    i.pxPortInitialiseStack                  0x08002810   Section        0  port.o(i.pxPortInitialiseStack)
    i.set_user_temp                          0x08002834   Section        0  thermo_controller.o(i.set_user_temp)
    i.switch_to_regular                      0x08002848   Section        0  thermo_controller.o(i.switch_to_regular)
    i.switch_to_stand_by                     0x08002858   Section        0  thermo_controller.o(i.switch_to_stand_by)
    i.temp_stab_off                          0x0800286c   Section        0  thermo_controller_periph.o(i.temp_stab_off)
    i.temp_stab_on                           0x0800287c   Section        0  thermo_controller_periph.o(i.temp_stab_on)
    i.thermo_controller_init                 0x0800288c   Section        0  thermo_controller.o(i.thermo_controller_init)
    i.thermo_controller_task                 0x080028b8   Section        0  thermo_controller.o(i.thermo_controller_task)
    thermo_controller_task                   0x080028b9   Thumb Code   218  thermo_controller.o(i.thermo_controller_task)
    i.thermo_settings_init                   0x08002998   Section        0  thermo_settings.o(i.thermo_settings_init)
    i.thermo_settings_task                   0x080029b4   Section        0  thermo_settings.o(i.thermo_settings_task)
    i.tm1637_clk_high                        0x080029fc   Section        0  tm1637_periph.o(i.tm1637_clk_high)
    i.tm1637_clk_low                         0x08002a0c   Section        0  tm1637_periph.o(i.tm1637_clk_low)
    i.tm1637_dio_high                        0x08002a1c   Section        0  tm1637_periph.o(i.tm1637_dio_high)
    i.tm1637_dio_low                         0x08002a2c   Section        0  tm1637_periph.o(i.tm1637_dio_low)
    i.tm1637_display_dec                     0x08002a3c   Section        0  tm1637.o(i.tm1637_display_dec)
    i.tm1637_init                            0x08002a88   Section        0  tm1637.o(i.tm1637_init)
    i.tm1637_read_result                     0x08002abc   Section        0  tm1637.o(i.tm1637_read_result)
    tm1637_read_result                       0x08002abd   Thumb Code    30  tm1637.o(i.tm1637_read_result)
    i.tm1637_set_brightness                  0x08002ada   Section        0  tm1637.o(i.tm1637_set_brightness)
    i.tm1637_start                           0x08002af6   Section        0  tm1637.o(i.tm1637_start)
    tm1637_start                             0x08002af7   Thumb Code    24  tm1637.o(i.tm1637_start)
    i.tm1637_stop                            0x08002b0e   Section        0  tm1637.o(i.tm1637_stop)
    tm1637_stop                              0x08002b0f   Thumb Code    40  tm1637.o(i.tm1637_stop)
    i.tm1637_task                            0x08002b38   Section        0  tm1637.o(i.tm1637_task)
    i.tm1637_write_byte                      0x08002b90   Section        0  tm1637.o(i.tm1637_write_byte)
    tm1637_write_byte                        0x08002b91   Thumb Code    52  tm1637.o(i.tm1637_write_byte)
    i.uxListRemove                           0x08002bc4   Section        0  list.o(i.uxListRemove)
    i.vListInitialise                        0x08002be8   Section        0  list.o(i.vListInitialise)
    i.vListInitialiseItem                    0x08002bfe   Section        0  list.o(i.vListInitialiseItem)
    i.vListInsert                            0x08002c04   Section        0  list.o(i.vListInsert)
    i.vListInsertEnd                         0x08002c34   Section        0  list.o(i.vListInsertEnd)
    i.vPortEnterCritical                     0x08002c4c   Section        0  port.o(i.vPortEnterCritical)
    i.vPortExitCritical                      0x08002c8c   Section        0  port.o(i.vPortExitCritical)
    i.vPortFree                              0x08002cb4   Section        0  heap_4.o(i.vPortFree)
    i.vPortSetupTimerInterrupt               0x08002d10   Section        0  port.o(i.vPortSetupTimerInterrupt)
    i.vPortValidateInterruptPriority         0x08002d30   Section        0  port.o(i.vPortValidateInterruptPriority)
    i.vQueueAddToRegistry                    0x08002d84   Section        0  queue.o(i.vQueueAddToRegistry)
    i.vQueueWaitForMessageRestricted         0x08002dac   Section        0  queue.o(i.vQueueWaitForMessageRestricted)
    i.vTaskDelay                             0x08002df0   Section        0  tasks.o(i.vTaskDelay)
    i.vTaskMissedYield                       0x08002e3c   Section        0  tasks.o(i.vTaskMissedYield)
    i.vTaskPlaceOnEventList                  0x08002e48   Section        0  tasks.o(i.vTaskPlaceOnEventList)
    i.vTaskPlaceOnEventListRestricted        0x08002e78   Section        0  tasks.o(i.vTaskPlaceOnEventListRestricted)
    i.vTaskPriorityInherit                   0x08002eb0   Section        0  tasks.o(i.vTaskPriorityInherit)
    i.vTaskSetTimeOutState                   0x08002f34   Section        0  tasks.o(i.vTaskSetTimeOutState)
    i.vTaskStartScheduler                    0x08002f58   Section        0  tasks.o(i.vTaskStartScheduler)
    i.vTaskSuspendAll                        0x08002fc8   Section        0  tasks.o(i.vTaskSuspendAll)
    i.vTaskSwitchContext                     0x08002fd8   Section        0  tasks.o(i.vTaskSwitchContext)
    i.xPortStartScheduler                    0x08003034   Section        0  port.o(i.xPortStartScheduler)
    i.xPortSysTickHandler                    0x080030a8   Section        0  port.o(i.xPortSysTickHandler)
    i.xQueueGenericCreate                    0x080030d4   Section        0  queue.o(i.xQueueGenericCreate)
    i.xQueueGenericReceive                   0x0800311c   Section        0  queue.o(i.xQueueGenericReceive)
    i.xQueueGenericReset                     0x08003288   Section        0  queue.o(i.xQueueGenericReset)
    i.xQueueGenericSend                      0x08003310   Section        0  queue.o(i.xQueueGenericSend)
    i.xQueueGenericSendFromISR               0x08003470   Section        0  queue.o(i.xQueueGenericSendFromISR)
    i.xTaskCheckForTimeOut                   0x0800352c   Section        0  tasks.o(i.xTaskCheckForTimeOut)
    i.xTaskCreate                            0x08003598   Section        0  tasks.o(i.xTaskCreate)
    i.xTaskGenericNotify                     0x080035f0   Section        0  tasks.o(i.xTaskGenericNotify)
    i.xTaskGetSchedulerState                 0x080036bc   Section        0  tasks.o(i.xTaskGetSchedulerState)
    i.xTaskGetTickCount                      0x080036d8   Section        0  tasks.o(i.xTaskGetTickCount)
    i.xTaskGetTickCountFromISR               0x080036e4   Section        0  tasks.o(i.xTaskGetTickCountFromISR)
    i.xTaskIncrementTick                     0x080036f4   Section        0  tasks.o(i.xTaskIncrementTick)
    i.xTaskNotifyWait                        0x080037bc   Section        0  tasks.o(i.xTaskNotifyWait)
    i.xTaskPriorityDisinherit                0x08003848   Section        0  tasks.o(i.xTaskPriorityDisinherit)
    i.xTaskRemoveFromEventList               0x080038e0   Section        0  tasks.o(i.xTaskRemoveFromEventList)
    i.xTaskResumeAll                         0x08003954   Section        0  tasks.o(i.xTaskResumeAll)
    i.xTimerCreate                           0x08003a18   Section        0  timers.o(i.xTimerCreate)
    i.xTimerCreateTimerTask                  0x08003a68   Section        0  timers.o(i.xTimerCreateTimerTask)
    i.xTimerGenericCommand                   0x08003ab0   Section        0  timers.o(i.xTimerGenericCommand)
    .constdata                               0x08003b10   Section       16  system_stm32f1xx.o(.constdata)
    .constdata                               0x08003b20   Section        8  system_stm32f1xx.o(.constdata)
    .constdata                               0x08003b28   Section       20  main.o(.constdata)
    .constdata                               0x08003b3c   Section       17  tm1637.o(.constdata)
    segment_map                              0x08003b3c   Data          17  tm1637.o(.constdata)
    .constdata                               0x08003b50   Section       24  thermo_settings.o(.constdata)
    presets                                  0x08003b50   Data          24  thermo_settings.o(.constdata)
    .conststring                             0x08003b68   Section       12  main.o(.conststring)
    .data                                    0x20000000   Section       24  heap_4.o(.data)
    pxEnd                                    0x20000000   Data           4  heap_4.o(.data)
    xFreeBytesRemaining                      0x20000004   Data           4  heap_4.o(.data)
    xMinimumEverFreeBytesRemaining           0x20000008   Data           4  heap_4.o(.data)
    xBlockAllocatedBit                       0x2000000c   Data           4  heap_4.o(.data)
    xStart                                   0x20000010   Data           8  heap_4.o(.data)
    .data                                    0x20000018   Section       12  port.o(.data)
    ucMaxSysCallPriority                     0x20000018   Data           1  port.o(.data)
    uxCriticalNesting                        0x2000001c   Data           4  port.o(.data)
    ulMaxPRIGROUPValue                       0x20000020   Data           4  port.o(.data)
    .data                                    0x20000024   Section       60  tasks.o(.data)
    uxDeletedTasksWaitingCleanUp             0x20000028   Data           4  tasks.o(.data)
    uxCurrentNumberOfTasks                   0x2000002c   Data           4  tasks.o(.data)
    xTickCount                               0x20000030   Data           4  tasks.o(.data)
    uxTopReadyPriority                       0x20000034   Data           4  tasks.o(.data)
    xSchedulerRunning                        0x20000038   Data           4  tasks.o(.data)
    uxPendedTicks                            0x2000003c   Data           4  tasks.o(.data)
    xYieldPending                            0x20000040   Data           4  tasks.o(.data)
    xNumOfOverflows                          0x20000044   Data           4  tasks.o(.data)
    uxTaskNumber                             0x20000048   Data           4  tasks.o(.data)
    xNextTaskUnblockTime                     0x2000004c   Data           4  tasks.o(.data)
    xIdleTaskHandle                          0x20000050   Data           4  tasks.o(.data)
    uxSchedulerSuspended                     0x20000054   Data           4  tasks.o(.data)
    pxDelayedTaskList                        0x20000058   Data           4  tasks.o(.data)
    pxOverflowDelayedTaskList                0x2000005c   Data           4  tasks.o(.data)
    .data                                    0x20000060   Section       20  timers.o(.data)
    xTimerQueue                              0x20000060   Data           4  timers.o(.data)
    xTimerTaskHandle                         0x20000064   Data           4  timers.o(.data)
    xLastTime                                0x20000068   Data           4  timers.o(.data)
    pxCurrentTimerList                       0x2000006c   Data           4  timers.o(.data)
    pxOverflowTimerList                      0x20000070   Data           4  timers.o(.data)
    .data                                    0x20000074   Section        4  system_stm32f1xx.o(.data)
    .data                                    0x20000078   Section        4  stm32f1xx_hal.o(.data)
    .data                                    0x2000007c   Section        4  main.o(.data)
    .data                                    0x20000080   Section        8  tm1637.o(.data)
    tm1637_q                                 0x20000080   Data           4  tm1637.o(.data)
    tm1637_buf                               0x20000084   Data           4  tm1637.o(.data)
    .data                                    0x20000088   Section        4  thermo_settings.o(.data)
    size                                     0x20000088   Data           4  thermo_settings.o(.data)
    .data                                    0x2000008c   Section       12  buzzer.o(.data)
    buzz_quantity                            0x2000008c   Data           2  buzzer.o(.data)
    notification_val                         0x20000090   Data           4  buzzer.o(.data)
    buzzer_handler                           0x20000094   Data           4  buzzer.o(.data)
    .data                                    0x20000098   Section       24  thermo_controller.o(.data)
    stand_by                                 0x20000098   Data           1  thermo_controller.o(.data)
    temp_latch                               0x20000099   Data           1  thermo_controller.o(.data)
    user_temp                                0x2000009a   Data           2  thermo_controller.o(.data)
    target_temp                              0x2000009c   Data           2  thermo_controller.o(.data)
    notification_val                         0x200000a0   Data           4  thermo_controller.o(.data)
    raw_temp                                 0x200000a4   Data           4  thermo_controller.o(.data)
    current_temp                             0x200000a8   Data           4  thermo_controller.o(.data)
    thermo_controller_handler                0x200000ac   Data           4  thermo_controller.o(.data)
    .data                                    0x200000b0   Section        8  cradle.o(.data)
    debounce                                 0x200000b0   Data           4  cradle.o(.data)
    .bss                                     0x200000b8   Section    12228  heap_4.o(.bss)
    ucHeap                                   0x200000b8   Data       12228  heap_4.o(.bss)
    .bss                                     0x2000307c   Section       64  queue.o(.bss)
    .bss                                     0x200030bc   Section      240  tasks.o(.bss)
    pxReadyTasksLists                        0x200030bc   Data         140  tasks.o(.bss)
    xDelayedTaskList1                        0x20003148   Data          20  tasks.o(.bss)
    xDelayedTaskList2                        0x2000315c   Data          20  tasks.o(.bss)
    xPendingReadyList                        0x20003170   Data          20  tasks.o(.bss)
    xTasksWaitingTermination                 0x20003184   Data          20  tasks.o(.bss)
    xSuspendedTaskList                       0x20003198   Data          20  tasks.o(.bss)
    .bss                                     0x200031ac   Section       40  timers.o(.bss)
    xActiveTimerList1                        0x200031ac   Data          20  timers.o(.bss)
    xActiveTimerList2                        0x200031c0   Data          20  timers.o(.bss)
    .bss                                     0x200031d4   Section       64  stm32f1xx_hal_timebase_tim.o(.bss)
    .bss                                     0x20003214   Section      244  init.o(.bss)
    STACK                                    0x20003308   Section     1024  startup_stm32f103xb.o(STACK)

    Global Symbols

    Symbol Name                              Value     Ov Type        Size  Object(Section)

    BuildAttributes$$THM_ISAv4$P$D$K$B$S$PE$A:L22UL41UL21$X:L11$S22US41US21$IEEE1$IW$USESV6$~STKCKD$USESV7$~SHL$OSPACE$EBA8$MICROLIB$REQ8$PRES8$EABIv2 0x00000000   Number         0  anon$$obj.o ABSOLUTE
    __ARM_use_no_argv                        0x00000000   Number         0  main.o ABSOLUTE
    __cpp_initialize__aeabi_                  - Undefined Weak Reference
    __cxa_finalize                            - Undefined Weak Reference
    __decompress                              - Undefined Weak Reference
    _clock_init                               - Undefined Weak Reference
    _microlib_exit                            - Undefined Weak Reference
    __Vectors_Size                           0x000000ec   Number         0  startup_stm32f103xb.o ABSOLUTE
    __Vectors                                0x08000000   Data           4  startup_stm32f103xb.o(RESET)
    __Vectors_End                            0x080000ec   Data           0  startup_stm32f103xb.o(RESET)
    __main                                   0x080000ed   Thumb Code     0  entry.o(.ARM.Collect$$$$00000000)
    _main_stk                                0x080000ed   Thumb Code     0  entry2.o(.ARM.Collect$$$$00000001)
    _main_scatterload                        0x080000f1   Thumb Code     0  entry5.o(.ARM.Collect$$$$00000004)
    __main_after_scatterload                 0x080000f5   Thumb Code     0  entry5.o(.ARM.Collect$$$$00000004)
    _main_clock                              0x080000f5   Thumb Code     0  entry7b.o(.ARM.Collect$$$$00000008)
    _main_cpp_init                           0x080000f5   Thumb Code     0  entry8b.o(.ARM.Collect$$$$0000000A)
    _main_init                               0x080000f5   Thumb Code     0  entry9a.o(.ARM.Collect$$$$0000000B)
    __rt_final_cpp                           0x080000fd   Thumb Code     0  entry10a.o(.ARM.Collect$$$$0000000D)
    __rt_final_exit                          0x080000fd   Thumb Code     0  entry11a.o(.ARM.Collect$$$$0000000F)
    SVC_Handler                              0x08000101   Thumb Code    32  port.o(.emb_text)
    __asm___6_port_c_39a90d8d__prvStartFirstTask 0x08000125   Thumb Code    28  port.o(.emb_text)
    PendSV_Handler                           0x08000145   Thumb Code    72  port.o(.emb_text)
    vPortGetIPSR                             0x08000191   Thumb Code     6  port.o(.emb_text)
    Reset_Handler                            0x08000199   Thumb Code     8  startup_stm32f103xb.o(.text)
    ADC1_2_IRQHandler                        0x080001b3   Thumb Code     0  startup_stm32f103xb.o(.text)
    CAN1_RX1_IRQHandler                      0x080001b3   Thumb Code     0  startup_stm32f103xb.o(.text)
    CAN1_SCE_IRQHandler                      0x080001b3   Thumb Code     0  startup_stm32f103xb.o(.text)
    DMA1_Channel1_IRQHandler                 0x080001b3   Thumb Code     0  startup_stm32f103xb.o(.text)
    DMA1_Channel2_IRQHandler                 0x080001b3   Thumb Code     0  startup_stm32f103xb.o(.text)
    DMA1_Channel3_IRQHandler                 0x080001b3   Thumb Code     0  startup_stm32f103xb.o(.text)
    DMA1_Channel4_IRQHandler                 0x080001b3   Thumb Code     0  startup_stm32f103xb.o(.text)
    DMA1_Channel5_IRQHandler                 0x080001b3   Thumb Code     0  startup_stm32f103xb.o(.text)
    DMA1_Channel6_IRQHandler                 0x080001b3   Thumb Code     0  startup_stm32f103xb.o(.text)
    DMA1_Channel7_IRQHandler                 0x080001b3   Thumb Code     0  startup_stm32f103xb.o(.text)
    EXTI0_IRQHandler                         0x080001b3   Thumb Code     0  startup_stm32f103xb.o(.text)
    EXTI15_10_IRQHandler                     0x080001b3   Thumb Code     0  startup_stm32f103xb.o(.text)
    EXTI1_IRQHandler                         0x080001b3   Thumb Code     0  startup_stm32f103xb.o(.text)
    EXTI3_IRQHandler                         0x080001b3   Thumb Code     0  startup_stm32f103xb.o(.text)
    EXTI4_IRQHandler                         0x080001b3   Thumb Code     0  startup_stm32f103xb.o(.text)
    EXTI9_5_IRQHandler                       0x080001b3   Thumb Code     0  startup_stm32f103xb.o(.text)
    FLASH_IRQHandler                         0x080001b3   Thumb Code     0  startup_stm32f103xb.o(.text)
    I2C1_ER_IRQHandler                       0x080001b3   Thumb Code     0  startup_stm32f103xb.o(.text)
    I2C1_EV_IRQHandler                       0x080001b3   Thumb Code     0  startup_stm32f103xb.o(.text)
    I2C2_ER_IRQHandler                       0x080001b3   Thumb Code     0  startup_stm32f103xb.o(.text)
    I2C2_EV_IRQHandler                       0x080001b3   Thumb Code     0  startup_stm32f103xb.o(.text)
    PVD_IRQHandler                           0x080001b3   Thumb Code     0  startup_stm32f103xb.o(.text)
    RCC_IRQHandler                           0x080001b3   Thumb Code     0  startup_stm32f103xb.o(.text)
    RTC_Alarm_IRQHandler                     0x080001b3   Thumb Code     0  startup_stm32f103xb.o(.text)
    RTC_IRQHandler                           0x080001b3   Thumb Code     0  startup_stm32f103xb.o(.text)
    SPI1_IRQHandler                          0x080001b3   Thumb Code     0  startup_stm32f103xb.o(.text)
    SPI2_IRQHandler                          0x080001b3   Thumb Code     0  startup_stm32f103xb.o(.text)
    TAMPER_IRQHandler                        0x080001b3   Thumb Code     0  startup_stm32f103xb.o(.text)
    TIM1_BRK_IRQHandler                      0x080001b3   Thumb Code     0  startup_stm32f103xb.o(.text)
    TIM1_CC_IRQHandler                       0x080001b3   Thumb Code     0  startup_stm32f103xb.o(.text)
    TIM1_TRG_COM_IRQHandler                  0x080001b3   Thumb Code     0  startup_stm32f103xb.o(.text)
    TIM1_UP_IRQHandler                       0x080001b3   Thumb Code     0  startup_stm32f103xb.o(.text)
    TIM2_IRQHandler                          0x080001b3   Thumb Code     0  startup_stm32f103xb.o(.text)
    TIM4_IRQHandler                          0x080001b3   Thumb Code     0  startup_stm32f103xb.o(.text)
    USART1_IRQHandler                        0x080001b3   Thumb Code     0  startup_stm32f103xb.o(.text)
    USART2_IRQHandler                        0x080001b3   Thumb Code     0  startup_stm32f103xb.o(.text)
    USART3_IRQHandler                        0x080001b3   Thumb Code     0  startup_stm32f103xb.o(.text)
    USBWakeUp_IRQHandler                     0x080001b3   Thumb Code     0  startup_stm32f103xb.o(.text)
    USB_HP_CAN1_TX_IRQHandler                0x080001b3   Thumb Code     0  startup_stm32f103xb.o(.text)
    USB_LP_CAN1_RX0_IRQHandler               0x080001b3   Thumb Code     0  startup_stm32f103xb.o(.text)
    WWDG_IRQHandler                          0x080001b3   Thumb Code     0  startup_stm32f103xb.o(.text)
    __aeabi_memcpy                           0x080001bd   Thumb Code    36  memcpya.o(.text)
    __aeabi_memcpy4                          0x080001bd   Thumb Code     0  memcpya.o(.text)
    __aeabi_memcpy8                          0x080001bd   Thumb Code     0  memcpya.o(.text)
    __scatterload                            0x080001e1   Thumb Code    28  init.o(.text)
    __scatterload_rt2                        0x080001e1   Thumb Code     0  init.o(.text)
    ADC_ConversionStop_Disable               0x08000205   Thumb Code    76  stm32f1xx_hal_adc.o(i.ADC_ConversionStop_Disable)
    ADC_Enable                               0x08000251   Thumb Code   104  stm32f1xx_hal_adc.o(i.ADC_Enable)
    BusFault_Handler                         0x080002c1   Thumb Code     2  stm32f1xx_it.o(i.BusFault_Handler)
    DebugMon_Handler                         0x080002c3   Thumb Code     2  stm32f1xx_it.o(i.DebugMon_Handler)
    EXTI2_IRQHandler                         0x080002c5   Thumb Code    34  cradle.o(i.EXTI2_IRQHandler)
    HAL_ADC_ConfigChannel                    0x080002ed   Thumb Code   240  stm32f1xx_hal_adc.o(i.HAL_ADC_ConfigChannel)
    HAL_ADC_GetValue                         0x080003e9   Thumb Code     6  stm32f1xx_hal_adc.o(i.HAL_ADC_GetValue)
    HAL_ADC_Init                             0x080003f1   Thumb Code   272  stm32f1xx_hal_adc.o(i.HAL_ADC_Init)
    HAL_ADC_MspInit                          0x0800050d   Thumb Code    76  stm32f1xx_hal_msp.o(i.HAL_ADC_MspInit)
    HAL_ADC_PollForConversion                0x08000569   Thumb Code   290  stm32f1xx_hal_adc.o(i.HAL_ADC_PollForConversion)
    HAL_ADC_Start                            0x08000699   Thumb Code   184  stm32f1xx_hal_adc.o(i.HAL_ADC_Start)
    HAL_ADC_Stop                             0x08000759   Thumb Code    52  stm32f1xx_hal_adc.o(i.HAL_ADC_Stop)
    HAL_Delay                                0x0800078d   Thumb Code    28  stm32f1xx_hal.o(i.HAL_Delay)
    HAL_GPIO_EXTI_Callback                   0x080007a9   Thumb Code     2  stm32f1xx_hal_gpio.o(i.HAL_GPIO_EXTI_Callback)
    HAL_GPIO_EXTI_IRQHandler                 0x080007ad   Thumb Code    18  stm32f1xx_hal_gpio.o(i.HAL_GPIO_EXTI_IRQHandler)
    HAL_GPIO_Init                            0x080007c5   Thumb Code   408  stm32f1xx_hal_gpio.o(i.HAL_GPIO_Init)
    HAL_GPIO_ReadPin                         0x08000981   Thumb Code    10  stm32f1xx_hal_gpio.o(i.HAL_GPIO_ReadPin)
    HAL_GPIO_WritePin                        0x0800098b   Thumb Code    10  stm32f1xx_hal_gpio.o(i.HAL_GPIO_WritePin)
    HAL_GetTick                              0x08000995   Thumb Code     6  stm32f1xx_hal.o(i.HAL_GetTick)
    HAL_I2C_Init                             0x080009a1   Thumb Code   254  stm32f1xx_hal_i2c.o(i.HAL_I2C_Init)
    HAL_I2C_MspInit                          0x08000aa9   Thumb Code    54  stm32f1xx_hal_msp.o(i.HAL_I2C_MspInit)
    HAL_IncTick                              0x08000aed   Thumb Code    10  stm32f1xx_hal.o(i.HAL_IncTick)
    HAL_Init                                 0x08000afd   Thumb Code    32  stm32f1xx_hal.o(i.HAL_Init)
    HAL_InitTick                             0x08000b21   Thumb Code   100  stm32f1xx_hal_timebase_tim.o(i.HAL_InitTick)
    HAL_MspInit                              0x08000b95   Thumb Code   122  stm32f1xx_hal_msp.o(i.HAL_MspInit)
    HAL_NVIC_EnableIRQ                       0x08000c19   Thumb Code    22  stm32f1xx_hal_cortex.o(i.HAL_NVIC_EnableIRQ)
    HAL_NVIC_SetPriority                     0x08000c31   Thumb Code    60  stm32f1xx_hal_cortex.o(i.HAL_NVIC_SetPriority)
    HAL_NVIC_SetPriorityGrouping             0x08000c71   Thumb Code    26  stm32f1xx_hal_cortex.o(i.HAL_NVIC_SetPriorityGrouping)
    HAL_RCCEx_GetPeriphCLKFreq               0x08000c95   Thumb Code   166  stm32f1xx_hal_rcc_ex.o(i.HAL_RCCEx_GetPeriphCLKFreq)
    HAL_RCCEx_PeriphCLKConfig                0x08000d5d   Thumb Code   224  stm32f1xx_hal_rcc_ex.o(i.HAL_RCCEx_PeriphCLKConfig)
    HAL_RCC_ClockConfig                      0x08000e49   Thumb Code   322  stm32f1xx_hal_rcc.o(i.HAL_RCC_ClockConfig)
    HAL_RCC_GetClockConfig                   0x08000f9d   Thumb Code    54  stm32f1xx_hal_rcc.o(i.HAL_RCC_GetClockConfig)
    HAL_RCC_GetHCLKFreq                      0x08000fdd   Thumb Code     6  stm32f1xx_hal_rcc.o(i.HAL_RCC_GetHCLKFreq)
    HAL_RCC_GetPCLK1Freq                     0x08000fe9   Thumb Code    20  stm32f1xx_hal_rcc.o(i.HAL_RCC_GetPCLK1Freq)
    HAL_RCC_GetPCLK2Freq                     0x08001009   Thumb Code    20  stm32f1xx_hal_rcc.o(i.HAL_RCC_GetPCLK2Freq)
    HAL_RCC_GetSysClockFreq                  0x08001029   Thumb Code    74  stm32f1xx_hal_rcc.o(i.HAL_RCC_GetSysClockFreq)
    HAL_RCC_OscConfig                        0x08001095   Thumb Code   750  stm32f1xx_hal_rcc.o(i.HAL_RCC_OscConfig)
    HAL_SYSTICK_CLKSourceConfig              0x08001399   Thumb Code    24  stm32f1xx_hal_cortex.o(i.HAL_SYSTICK_CLKSourceConfig)
    HAL_SYSTICK_Config                       0x080013b1   Thumb Code    40  stm32f1xx_hal_cortex.o(i.HAL_SYSTICK_Config)
    HAL_TIMEx_BreakCallback                  0x080013d9   Thumb Code     2  stm32f1xx_hal_tim_ex.o(i.HAL_TIMEx_BreakCallback)
    HAL_TIMEx_CommutationCallback            0x080013db   Thumb Code     2  stm32f1xx_hal_tim_ex.o(i.HAL_TIMEx_CommutationCallback)
    HAL_TIMEx_MasterConfigSynchronization    0x080013dd   Thumb Code    80  stm32f1xx_hal_tim_ex.o(i.HAL_TIMEx_MasterConfigSynchronization)
    HAL_TIM_Base_Init                        0x0800142d   Thumb Code    54  stm32f1xx_hal_tim.o(i.HAL_TIM_Base_Init)
    HAL_TIM_Base_MspInit                     0x08001463   Thumb Code     2  stm32f1xx_hal_tim.o(i.HAL_TIM_Base_MspInit)
    HAL_TIM_Base_Start_IT                    0x08001465   Thumb Code    24  stm32f1xx_hal_tim.o(i.HAL_TIM_Base_Start_IT)
    HAL_TIM_IC_CaptureCallback               0x0800147d   Thumb Code     2  stm32f1xx_hal_tim.o(i.HAL_TIM_IC_CaptureCallback)
    HAL_TIM_IRQHandler                       0x0800147f   Thumb Code   358  stm32f1xx_hal_tim.o(i.HAL_TIM_IRQHandler)
    HAL_TIM_MspPostInit                      0x080015e5   Thumb Code    50  stm32f1xx_hal_msp.o(i.HAL_TIM_MspPostInit)
    HAL_TIM_OC_DelayElapsedCallback          0x08001621   Thumb Code     2  stm32f1xx_hal_tim.o(i.HAL_TIM_OC_DelayElapsedCallback)
    HAL_TIM_PWM_ConfigChannel                0x08001623   Thumb Code   208  stm32f1xx_hal_tim.o(i.HAL_TIM_PWM_ConfigChannel)
    HAL_TIM_PWM_Init                         0x080016f3   Thumb Code    54  stm32f1xx_hal_tim.o(i.HAL_TIM_PWM_Init)
    HAL_TIM_PWM_MspInit                      0x08001729   Thumb Code    30  stm32f1xx_hal_msp.o(i.HAL_TIM_PWM_MspInit)
    HAL_TIM_PWM_PulseFinishedCallback        0x0800174d   Thumb Code     2  stm32f1xx_hal_tim.o(i.HAL_TIM_PWM_PulseFinishedCallback)
    HAL_TIM_PWM_Start                        0x08001751   Thumb Code    42  stm32f1xx_hal_tim.o(i.HAL_TIM_PWM_Start)
    HAL_TIM_PWM_Stop                         0x08001781   Thumb Code    78  stm32f1xx_hal_tim.o(i.HAL_TIM_PWM_Stop)
    HAL_TIM_PeriodElapsedCallback            0x080017d5   Thumb Code    14  main.o(i.HAL_TIM_PeriodElapsedCallback)
    HAL_TIM_TriggerCallback                  0x080017e9   Thumb Code     2  stm32f1xx_hal_tim.o(i.HAL_TIM_TriggerCallback)
    HardFault_Handler                        0x080017eb   Thumb Code     2  stm32f1xx_it.o(i.HardFault_Handler)
    MX_ADC1_Init                             0x080017ed   Thumb Code    72  init.o(i.MX_ADC1_Init)
    MX_ADC2_Init                             0x0800184d   Thumb Code    72  init.o(i.MX_ADC2_Init)
    MX_GPIO_Init                             0x080018ad   Thumb Code   196  init.o(i.MX_GPIO_Init)
    MX_I2C1_Init                             0x08001985   Thumb Code    54  init.o(i.MX_I2C1_Init)
    MX_NVIC_Init                             0x080019d9   Thumb Code    22  init.o(i.MX_NVIC_Init)
    MX_TIM2_Init                             0x080019f1   Thumb Code   106  init.o(i.MX_TIM2_Init)
    MemManage_Handler                        0x08001a71   Thumb Code     2  stm32f1xx_it.o(i.MemManage_Handler)
    NMI_Handler                              0x08001a73   Thumb Code     2  stm32f1xx_it.o(i.NMI_Handler)
    StartDefaultTask                         0x08001a95   Thumb Code     8  main.o(i.StartDefaultTask)
    SysTick_Handler                          0x08001a9d   Thumb Code     4  stm32f1xx_it.o(i.SysTick_Handler)
    SystemClock_Config                       0x08001aa1   Thumb Code   140  init.o(i.SystemClock_Config)
    SystemInit                               0x08001b3d   Thumb Code    56  system_stm32f1xx.o(i.SystemInit)
    TIM3_IRQHandler                          0x08001b85   Thumb Code     6  stm32f1xx_it.o(i.TIM3_IRQHandler)
    TIM_Base_SetConfig                       0x08001b91   Thumb Code    94  stm32f1xx_hal_tim.o(i.TIM_Base_SetConfig)
    TIM_CCxChannelCmd                        0x08001bfd   Thumb Code    22  stm32f1xx_hal_tim.o(i.TIM_CCxChannelCmd)
    TIM_OC2_SetConfig                        0x08001c65   Thumb Code    84  stm32f1xx_hal_tim.o(i.TIM_OC2_SetConfig)
    UsageFault_Handler                       0x08001d59   Thumb Code     2  stm32f1xx_it.o(i.UsageFault_Handler)
    _Error_Handler                           0x08001d5b   Thumb Code     2  main.o(i._Error_Handler)
    __scatterload_copy                       0x08001d5d   Thumb Code    14  handlers.o(i.__scatterload_copy)
    __scatterload_null                       0x08001d6b   Thumb Code     2  handlers.o(i.__scatterload_null)
    __scatterload_zeroinit                   0x08001d6d   Thumb Code    14  handlers.o(i.__scatterload_zeroinit)
    buzz                                     0x08001d7d   Thumb Code    14  buzzer.o(i.buzz)
    buzz_init                                0x08001d91   Thumb Code    34  buzzer_periph.o(i.buzz_init)
    buzz_off                                 0x08001db9   Thumb Code     8  buzzer_periph.o(i.buzz_off)
    buzz_on                                  0x08001dc5   Thumb Code     8  buzzer_periph.o(i.buzz_on)
    buzz_x2                                  0x08001dd1   Thumb Code    14  buzzer.o(i.buzz_x2)
    buzzer_init                              0x08001de1   Thumb Code    28  buzzer.o(i.buzzer_init)
    cradle_callback                          0x08001e51   Thumb Code    24  cradle.o(i.cradle_callback)
    cradle_init                              0x08001e69   Thumb Code    24  cradle.o(i.cradle_init)
    get_current_temp_raw                     0x08001e8d   Thumb Code    34  thermo_controller_periph.o(i.get_current_temp_raw)
    get_temp_off                             0x08001eb5   Thumb Code    12  thermo_controller_periph.o(i.get_temp_off)
    get_temp_on                              0x08001ec5   Thumb Code    10  thermo_controller_periph.o(i.get_temp_on)
    get_thermo_setting_val                   0x08001ed5   Thumb Code    34  thermo_settings_periph.o(i.get_thermo_setting_val)
    heater_off                               0x08001efd   Thumb Code    12  thermo_controller_periph.o(i.heater_off)
    heater_on                                0x08001f0d   Thumb Code    10  thermo_controller_periph.o(i.heater_on)
    iron_left_parking                        0x08001f1d   Thumb Code    14  thermo_controller.o(i.iron_left_parking)
    iron_parked                              0x08001f31   Thumb Code    14  thermo_controller.o(i.iron_parked)
    is_parked                                0x08001f45   Thumb Code    20  cradle.o(i.is_parked)
    main                                     0x08001f5d   Thumb Code    82  main.o(i.main)
    osDelay                                  0x08001fc5   Thumb Code    14  cmsis_os.o(i.osDelay)
    osKernelStart                            0x08001fd3   Thumb Code    10  cmsis_os.o(i.osKernelStart)
    osSystickHandler                         0x08001fdd   Thumb Code    20  cmsis_os.o(i.osSystickHandler)
    osThreadCreate                           0x08001ff1   Thumb Code    46  cmsis_os.o(i.osThreadCreate)
    pvPortMalloc                             0x08002721   Thumb Code   210  heap_4.o(i.pvPortMalloc)
    pvTaskIncrementMutexHeldCount            0x080027f9   Thumb Code    18  tasks.o(i.pvTaskIncrementMutexHeldCount)
    pxPortInitialiseStack                    0x08002811   Thumb Code    32  port.o(i.pxPortInitialiseStack)
    set_user_temp                            0x08002835   Thumb Code    16  thermo_controller.o(i.set_user_temp)
    switch_to_regular                        0x08002849   Thumb Code    12  thermo_controller.o(i.switch_to_regular)
    switch_to_stand_by                       0x08002859   Thumb Code    14  thermo_controller.o(i.switch_to_stand_by)
    temp_stab_off                            0x0800286d   Thumb Code    12  thermo_controller_periph.o(i.temp_stab_off)
    temp_stab_on                             0x0800287d   Thumb Code    10  thermo_controller_periph.o(i.temp_stab_on)
    thermo_controller_init                   0x0800288d   Thumb Code    34  thermo_controller.o(i.thermo_controller_init)
    thermo_settings_init                     0x08002999   Thumb Code    22  thermo_settings.o(i.thermo_settings_init)
    thermo_settings_task                     0x080029b5   Thumb Code    64  thermo_settings.o(i.thermo_settings_task)
    tm1637_clk_high                          0x080029fd   Thumb Code    10  tm1637_periph.o(i.tm1637_clk_high)
    tm1637_clk_low                           0x08002a0d   Thumb Code    12  tm1637_periph.o(i.tm1637_clk_low)
    tm1637_dio_high                          0x08002a1d   Thumb Code    10  tm1637_periph.o(i.tm1637_dio_high)
    tm1637_dio_low                           0x08002a2d   Thumb Code    12  tm1637_periph.o(i.tm1637_dio_low)
    tm1637_display_dec                       0x08002a3d   Thumb Code    68  tm1637.o(i.tm1637_display_dec)
    tm1637_init                              0x08002a89   Thumb Code    42  tm1637.o(i.tm1637_init)
    tm1637_set_brightness                    0x08002adb   Thumb Code    28  tm1637.o(i.tm1637_set_brightness)
    tm1637_task                              0x08002b39   Thumb Code    82  tm1637.o(i.tm1637_task)
    uxListRemove                             0x08002bc5   Thumb Code    36  list.o(i.uxListRemove)
    vListInitialise                          0x08002be9   Thumb Code    22  list.o(i.vListInitialise)
    vListInitialiseItem                      0x08002bff   Thumb Code     6  list.o(i.vListInitialiseItem)
    vListInsert                              0x08002c05   Thumb Code    48  list.o(i.vListInsert)
    vListInsertEnd                           0x08002c35   Thumb Code    24  list.o(i.vListInsertEnd)
    vPortEnterCritical                       0x08002c4d   Thumb Code    54  port.o(i.vPortEnterCritical)
    vPortExitCritical                        0x08002c8d   Thumb Code    34  port.o(i.vPortExitCritical)
    vPortFree                                0x08002cb5   Thumb Code    88  heap_4.o(i.vPortFree)
    vPortSetupTimerInterrupt                 0x08002d11   Thumb Code    26  port.o(i.vPortSetupTimerInterrupt)
    vPortValidateInterruptPriority           0x08002d31   Thumb Code    74  port.o(i.vPortValidateInterruptPriority)
    vQueueAddToRegistry                      0x08002d85   Thumb Code    34  queue.o(i.vQueueAddToRegistry)
    vQueueWaitForMessageRestricted           0x08002dad   Thumb Code    68  queue.o(i.vQueueWaitForMessageRestricted)
    vTaskDelay                               0x08002df1   Thumb Code    66  tasks.o(i.vTaskDelay)
    vTaskMissedYield                         0x08002e3d   Thumb Code     8  tasks.o(i.vTaskMissedYield)
    vTaskPlaceOnEventList                    0x08002e49   Thumb Code    44  tasks.o(i.vTaskPlaceOnEventList)
    vTaskPlaceOnEventListRestricted          0x08002e79   Thumb Code    52  tasks.o(i.vTaskPlaceOnEventListRestricted)
    vTaskPriorityInherit                     0x08002eb1   Thumb Code   124  tasks.o(i.vTaskPriorityInherit)
    vTaskSetTimeOutState                     0x08002f35   Thumb Code    30  tasks.o(i.vTaskSetTimeOutState)
    vTaskStartScheduler                      0x08002f59   Thumb Code    94  tasks.o(i.vTaskStartScheduler)
    vTaskSuspendAll                          0x08002fc9   Thumb Code    10  tasks.o(i.vTaskSuspendAll)
    vTaskSwitchContext                       0x08002fd9   Thumb Code    82  tasks.o(i.vTaskSwitchContext)
    xPortStartScheduler                      0x08003035   Thumb Code   102  port.o(i.xPortStartScheduler)
    xPortSysTickHandler                      0x080030a9   Thumb Code    38  port.o(i.xPortSysTickHandler)
    xQueueGenericCreate                      0x080030d5   Thumb Code    72  queue.o(i.xQueueGenericCreate)
    xQueueGenericReceive                     0x0800311d   Thumb Code   360  queue.o(i.xQueueGenericReceive)
    xQueueGenericReset                       0x08003289   Thumb Code   132  queue.o(i.xQueueGenericReset)
    xQueueGenericSend                        0x08003311   Thumb Code   346  queue.o(i.xQueueGenericSend)
    xQueueGenericSendFromISR                 0x08003471   Thumb Code   188  queue.o(i.xQueueGenericSendFromISR)
    xTaskCheckForTimeOut                     0x0800352d   Thumb Code   102  tasks.o(i.xTaskCheckForTimeOut)
    xTaskCreate                              0x08003599   Thumb Code    86  tasks.o(i.xTaskCreate)
    xTaskGenericNotify                       0x080035f1   Thumb Code   190  tasks.o(i.xTaskGenericNotify)
    xTaskGetSchedulerState                   0x080036bd   Thumb Code    22  tasks.o(i.xTaskGetSchedulerState)
    xTaskGetTickCount                        0x080036d9   Thumb Code     6  tasks.o(i.xTaskGetTickCount)
    xTaskGetTickCountFromISR                 0x080036e5   Thumb Code    12  tasks.o(i.xTaskGetTickCountFromISR)
    xTaskIncrementTick                       0x080036f5   Thumb Code   192  tasks.o(i.xTaskIncrementTick)
    xTaskNotifyWait                          0x080037bd   Thumb Code   130  tasks.o(i.xTaskNotifyWait)
    xTaskPriorityDisinherit                  0x08003849   Thumb Code   144  tasks.o(i.xTaskPriorityDisinherit)
    xTaskRemoveFromEventList                 0x080038e1   Thumb Code   108  tasks.o(i.xTaskRemoveFromEventList)
    xTaskResumeAll                           0x08003955   Thumb Code   182  tasks.o(i.xTaskResumeAll)
    xTimerCreate                             0x08003a19   Thumb Code    78  timers.o(i.xTimerCreate)
    xTimerCreateTimerTask                    0x08003a69   Thumb Code    56  timers.o(i.xTimerCreateTimerTask)
    xTimerGenericCommand                     0x08003ab1   Thumb Code    92  timers.o(i.xTimerGenericCommand)
    AHBPrescTable                            0x08003b10   Data          16  system_stm32f1xx.o(.constdata)
    APBPrescTable                            0x08003b20   Data           8  system_stm32f1xx.o(.constdata)
    Region$$Table$$Base                      0x08003b74   Number         0  anon$$obj.o(Region$$Table)
    Region$$Table$$Limit                     0x08003b94   Number         0  anon$$obj.o(Region$$Table)
    pxCurrentTCB                             0x20000024   Data           4  tasks.o(.data)
    SystemCoreClock                          0x20000074   Data           4  system_stm32f1xx.o(.data)
    uwTick                                   0x20000078   Data           4  stm32f1xx_hal.o(.data)
    defaultTaskHandle                        0x2000007c   Data           4  main.o(.data)
    xHigherPriorityTaskWoken                 0x200000b4   Data           4  cradle.o(.data)
    xQueueRegistry                           0x2000307c   Data          64  queue.o(.bss)
    htim3                                    0x200031d4   Data          64  stm32f1xx_hal_timebase_tim.o(.bss)
    hadc1                                    0x20003214   Data          48  init.o(.bss)
    hadc2                                    0x20003244   Data          48  init.o(.bss)
    hi2c1                                    0x20003274   Data          84  init.o(.bss)
    htim2                                    0x200032c8   Data          64  init.o(.bss)
    __initial_sp                             0x20003708   Data           0  startup_stm32f103xb.o(STACK)



==============================================================================

Memory Map of the image

  Image Entry point : 0x080000ed

  Load Region LR_IROM1 (Base: 0x08000000, Size: 0x00003c4c, Max: 0x00010000, ABSOLUTE)

    Execution Region ER_IROM1 (Base: 0x08000000, Size: 0x00003b94, Max: 0x00010000, ABSOLUTE)

    Base Addr    Size         Type   Attr      Idx    E Section Name        Object

    0x08000000   0x000000ec   Data   RO         3806    RESET               startup_stm32f103xb.o
    0x080000ec   0x00000000   Code   RO         4555  * .ARM.Collect$$$$00000000  mc_w.l(entry.o)
    0x080000ec   0x00000004   Code   RO         4564    .ARM.Collect$$$$00000001  mc_w.l(entry2.o)
    0x080000f0   0x00000004   Code   RO         4567    .ARM.Collect$$$$00000004  mc_w.l(entry5.o)
    0x080000f4   0x00000000   Code   RO         4569    .ARM.Collect$$$$00000008  mc_w.l(entry7b.o)
    0x080000f4   0x00000000   Code   RO         4571    .ARM.Collect$$$$0000000A  mc_w.l(entry8b.o)
    0x080000f4   0x00000008   Code   RO         4572    .ARM.Collect$$$$0000000B  mc_w.l(entry9a.o)
    0x080000fc   0x00000000   Code   RO         4574    .ARM.Collect$$$$0000000D  mc_w.l(entry10a.o)
    0x080000fc   0x00000000   Code   RO         4576    .ARM.Collect$$$$0000000F  mc_w.l(entry11a.o)
    0x080000fc   0x00000004   Code   RO         4565    .ARM.Collect$$$$00002712  mc_w.l(entry2.o)
    0x08000100   0x00000096   Code   RO          700    .emb_text           port.o
    0x08000196   0x00000002   PAD
    0x08000198   0x00000024   Code   RO         3807    .text               startup_stm32f103xb.o
    0x080001bc   0x00000024   Code   RO         4560    .text               mc_w.l(memcpya.o)
    0x080001e0   0x00000024   Code   RO         4578    .text               mc_w.l(init.o)
    0x08000204   0x0000004c   Code   RO         3453    i.ADC_ConversionStop_Disable  stm32f1xx_hal_adc.o
    0x08000250   0x00000070   Code   RO         3457    i.ADC_Enable        stm32f1xx_hal_adc.o
    0x080002c0   0x00000002   Code   RO         3900    i.BusFault_Handler  stm32f1xx_it.o
    0x080002c2   0x00000002   Code   RO         3901    i.DebugMon_Handler  stm32f1xx_it.o
    0x080002c4   0x00000028   Code   RO         4513    i.EXTI2_IRQHandler  cradle.o
    0x080002ec   0x000000fc   Code   RO         3459    i.HAL_ADC_ConfigChannel  stm32f1xx_hal_adc.o
    0x080003e8   0x00000006   Code   RO         3466    i.HAL_ADC_GetValue  stm32f1xx_hal_adc.o
    0x080003ee   0x00000002   PAD
    0x080003f0   0x0000011c   Code   RO         3468    i.HAL_ADC_Init      stm32f1xx_hal_adc.o
    0x0800050c   0x0000005c   Code   RO         3980    i.HAL_ADC_MspInit   stm32f1xx_hal_msp.o
    0x08000568   0x00000130   Code   RO         3472    i.HAL_ADC_PollForConversion  stm32f1xx_hal_adc.o
    0x08000698   0x000000c0   Code   RO         3474    i.HAL_ADC_Start     stm32f1xx_hal_adc.o
    0x08000758   0x00000034   Code   RO         3477    i.HAL_ADC_Stop      stm32f1xx_hal_adc.o
    0x0800078c   0x0000001c   Code   RO         3319    i.HAL_Delay         stm32f1xx_hal.o
    0x080007a8   0x00000002   Code   RO         1489    i.HAL_GPIO_EXTI_Callback  stm32f1xx_hal_gpio.o
    0x080007aa   0x00000002   PAD
    0x080007ac   0x00000018   Code   RO         1490    i.HAL_GPIO_EXTI_IRQHandler  stm32f1xx_hal_gpio.o
    0x080007c4   0x000001bc   Code   RO         1491    i.HAL_GPIO_Init     stm32f1xx_hal_gpio.o
    0x08000980   0x0000000a   Code   RO         1493    i.HAL_GPIO_ReadPin  stm32f1xx_hal_gpio.o
    0x0800098a   0x0000000a   Code   RO         1495    i.HAL_GPIO_WritePin  stm32f1xx_hal_gpio.o
    0x08000994   0x0000000c   Code   RO         3323    i.HAL_GetTick       stm32f1xx_hal.o
    0x080009a0   0x00000108   Code   RO         1650    i.HAL_I2C_Init      stm32f1xx_hal_i2c.o
    0x08000aa8   0x00000044   Code   RO         3982    i.HAL_I2C_MspInit   stm32f1xx_hal_msp.o
    0x08000aec   0x00000010   Code   RO         3325    i.HAL_IncTick       stm32f1xx_hal.o
    0x08000afc   0x00000024   Code   RO         3326    i.HAL_Init          stm32f1xx_hal.o
    0x08000b20   0x00000074   Code   RO         4045    i.HAL_InitTick      stm32f1xx_hal_timebase_tim.o
    0x08000b94   0x00000084   Code   RO         3983    i.HAL_MspInit       stm32f1xx_hal_msp.o
    0x08000c18   0x00000016   Code   RO         2566    i.HAL_NVIC_EnableIRQ  stm32f1xx_hal_cortex.o
    0x08000c2e   0x00000002   PAD
    0x08000c30   0x00000040   Code   RO         2572    i.HAL_NVIC_SetPriority  stm32f1xx_hal_cortex.o
    0x08000c70   0x00000024   Code   RO         2573    i.HAL_NVIC_SetPriorityGrouping  stm32f1xx_hal_cortex.o
    0x08000c94   0x000000c8   Code   RO         3736    i.HAL_RCCEx_GetPeriphCLKFreq  stm32f1xx_hal_rcc_ex.o
    0x08000d5c   0x000000ec   Code   RO         3737    i.HAL_RCCEx_PeriphCLKConfig  stm32f1xx_hal_rcc_ex.o
    0x08000e48   0x00000154   Code   RO         3634    i.HAL_RCC_ClockConfig  stm32f1xx_hal_rcc.o
    0x08000f9c   0x00000040   Code   RO         3638    i.HAL_RCC_GetClockConfig  stm32f1xx_hal_rcc.o
    0x08000fdc   0x0000000c   Code   RO         3639    i.HAL_RCC_GetHCLKFreq  stm32f1xx_hal_rcc.o
    0x08000fe8   0x00000020   Code   RO         3641    i.HAL_RCC_GetPCLK1Freq  stm32f1xx_hal_rcc.o
    0x08001008   0x00000020   Code   RO         3642    i.HAL_RCC_GetPCLK2Freq  stm32f1xx_hal_rcc.o
    0x08001028   0x0000006c   Code   RO         3643    i.HAL_RCC_GetSysClockFreq  stm32f1xx_hal_rcc.o
    0x08001094   0x00000304   Code   RO         3646    i.HAL_RCC_OscConfig  stm32f1xx_hal_rcc.o
    0x08001398   0x00000018   Code   RO         2575    i.HAL_SYSTICK_CLKSourceConfig  stm32f1xx_hal_cortex.o
    0x080013b0   0x00000028   Code   RO         2577    i.HAL_SYSTICK_Config  stm32f1xx_hal_cortex.o
    0x080013d8   0x00000002   Code   RO         2235    i.HAL_TIMEx_BreakCallback  stm32f1xx_hal_tim_ex.o
    0x080013da   0x00000002   Code   RO         2236    i.HAL_TIMEx_CommutationCallback  stm32f1xx_hal_tim_ex.o
    0x080013dc   0x00000050   Code   RO         2252    i.HAL_TIMEx_MasterConfigSynchronization  stm32f1xx_hal_tim_ex.o
    0x0800142c   0x00000036   Code   RO         2683    i.HAL_TIM_Base_Init  stm32f1xx_hal_tim.o
    0x08001462   0x00000002   Code   RO         2685    i.HAL_TIM_Base_MspInit  stm32f1xx_hal_tim.o
    0x08001464   0x00000018   Code   RO         2688    i.HAL_TIM_Base_Start_IT  stm32f1xx_hal_tim.o
    0x0800147c   0x00000002   Code   RO         2712    i.HAL_TIM_IC_CaptureCallback  stm32f1xx_hal_tim.o
    0x0800147e   0x00000166   Code   RO         2725    i.HAL_TIM_IRQHandler  stm32f1xx_hal_tim.o
    0x080015e4   0x0000003c   Code   RO         3984    i.HAL_TIM_MspPostInit  stm32f1xx_hal_msp.o
    0x08001620   0x00000002   Code   RO         2728    i.HAL_TIM_OC_DelayElapsedCallback  stm32f1xx_hal_tim.o
    0x08001622   0x000000d0   Code   RO         2749    i.HAL_TIM_PWM_ConfigChannel  stm32f1xx_hal_tim.o
    0x080016f2   0x00000036   Code   RO         2752    i.HAL_TIM_PWM_Init  stm32f1xx_hal_tim.o
    0x08001728   0x00000024   Code   RO         3986    i.HAL_TIM_PWM_MspInit  stm32f1xx_hal_msp.o
    0x0800174c   0x00000002   Code   RO         2755    i.HAL_TIM_PWM_PulseFinishedCallback  stm32f1xx_hal_tim.o
    0x0800174e   0x00000002   PAD
    0x08001750   0x00000030   Code   RO         2756    i.HAL_TIM_PWM_Start  stm32f1xx_hal_tim.o
    0x08001780   0x00000054   Code   RO         2759    i.HAL_TIM_PWM_Stop  stm32f1xx_hal_tim.o
    0x080017d4   0x00000014   Code   RO         3814    i.HAL_TIM_PeriodElapsedCallback  main.o
    0x080017e8   0x00000002   Code   RO         2766    i.HAL_TIM_TriggerCallback  stm32f1xx_hal_tim.o
    0x080017ea   0x00000002   Code   RO         3902    i.HardFault_Handler  stm32f1xx_it.o
    0x080017ec   0x00000060   Code   RO         4085    i.MX_ADC1_Init      init.o
    0x0800184c   0x00000060   Code   RO         4086    i.MX_ADC2_Init      init.o
    0x080018ac   0x000000d8   Code   RO         4087    i.MX_GPIO_Init      init.o
    0x08001984   0x00000054   Code   RO         4088    i.MX_I2C1_Init      init.o
    0x080019d8   0x00000016   Code   RO         4089    i.MX_NVIC_Init      init.o
    0x080019ee   0x00000002   PAD
    0x080019f0   0x00000080   Code   RO         4090    i.MX_TIM2_Init      init.o
    0x08001a70   0x00000002   Code   RO         3903    i.MemManage_Handler  stm32f1xx_it.o
    0x08001a72   0x00000002   Code   RO         3904    i.NMI_Handler       stm32f1xx_it.o
    0x08001a74   0x00000020   Code   RO         2579    i.NVIC_SetPriority  stm32f1xx_hal_cortex.o
    0x08001a94   0x00000008   Code   RO         3815    i.StartDefaultTask  main.o
    0x08001a9c   0x00000004   Code   RO         3905    i.SysTick_Handler   stm32f1xx_it.o
    0x08001aa0   0x0000009c   Code   RO         4091    i.SystemClock_Config  init.o
    0x08001b3c   0x00000048   Code   RO         1245    i.SystemInit        system_stm32f1xx.o
    0x08001b84   0x0000000c   Code   RO         3906    i.TIM3_IRQHandler   stm32f1xx_it.o
    0x08001b90   0x0000006c   Code   RO         2767    i.TIM_Base_SetConfig  stm32f1xx_hal_tim.o
    0x08001bfc   0x00000016   Code   RO         2768    i.TIM_CCxChannelCmd  stm32f1xx_hal_tim.o
    0x08001c12   0x00000002   PAD
    0x08001c14   0x00000050   Code   RO         2776    i.TIM_OC1_SetConfig  stm32f1xx_hal_tim.o
    0x08001c64   0x00000058   Code   RO         2777    i.TIM_OC2_SetConfig  stm32f1xx_hal_tim.o
    0x08001cbc   0x00000058   Code   RO         2778    i.TIM_OC3_SetConfig  stm32f1xx_hal_tim.o
    0x08001d14   0x00000044   Code   RO         2779    i.TIM_OC4_SetConfig  stm32f1xx_hal_tim.o
    0x08001d58   0x00000002   Code   RO         3907    i.UsageFault_Handler  stm32f1xx_it.o
    0x08001d5a   0x00000002   Code   RO         3816    i._Error_Handler    main.o
    0x08001d5c   0x0000000e   Code   RO         4582    i.__scatterload_copy  mc_w.l(handlers.o)
    0x08001d6a   0x00000002   Code   RO         4583    i.__scatterload_null  mc_w.l(handlers.o)
    0x08001d6c   0x0000000e   Code   RO         4584    i.__scatterload_zeroinit  mc_w.l(handlers.o)
    0x08001d7a   0x00000002   PAD
    0x08001d7c   0x00000014   Code   RO         4312    i.buzz              buzzer.o
    0x08001d90   0x00000028   Code   RO         4349    i.buzz_init         buzzer_periph.o
    0x08001db8   0x0000000c   Code   RO         4350    i.buzz_off          buzzer_periph.o
    0x08001dc4   0x0000000c   Code   RO         4351    i.buzz_on           buzzer_periph.o
    0x08001dd0   0x0000000e   Code   RO         4313    i.buzz_x2           buzzer.o
    0x08001dde   0x00000002   PAD
    0x08001de0   0x00000024   Code   RO         4314    i.buzzer_init       buzzer.o
    0x08001e04   0x0000004c   Code   RO         4315    i.buzzer_task       buzzer.o
    0x08001e50   0x00000018   Code   RO         4514    i.cradle_callback   cradle.o
    0x08001e68   0x00000024   Code   RO         4515    i.cradle_init       cradle.o
    0x08001e8c   0x00000028   Code   RO         4453    i.get_current_temp_raw  thermo_controller_periph.o
    0x08001eb4   0x00000010   Code   RO         4454    i.get_temp_off      thermo_controller_periph.o
    0x08001ec4   0x00000010   Code   RO         4455    i.get_temp_on       thermo_controller_periph.o
    0x08001ed4   0x00000028   Code   RO         4291    i.get_thermo_setting_val  thermo_settings_periph.o
    0x08001efc   0x00000010   Code   RO         4456    i.heater_off        thermo_controller_periph.o
    0x08001f0c   0x00000010   Code   RO         4457    i.heater_on         thermo_controller_periph.o
    0x08001f1c   0x00000014   Code   RO         4385    i.iron_left_parking  thermo_controller.o
    0x08001f30   0x00000014   Code   RO         4386    i.iron_parked       thermo_controller.o
    0x08001f44   0x00000018   Code   RO         4516    i.is_parked         cradle.o
    0x08001f5c   0x0000005c   Code   RO         3817    i.main              main.o
    0x08001fb8   0x0000000c   Code   RO          284    i.makeFreeRtosPriority  cmsis_os.o
    0x08001fc4   0x0000000e   Code   RO          286    i.osDelay           cmsis_os.o
    0x08001fd2   0x0000000a   Code   RO          289    i.osKernelStart     cmsis_os.o
    0x08001fdc   0x00000014   Code   RO          322    i.osSystickHandler  cmsis_os.o
    0x08001ff0   0x0000002e   Code   RO          323    i.osThreadCreate    cmsis_os.o
    0x0800201e   0x00000002   PAD
    0x08002020   0x00000070   Code   RO          778    i.prvAddCurrentTaskToDelayedList  tasks.o
    0x08002090   0x000000d0   Code   RO          779    i.prvAddNewTaskToReadyList  tasks.o
    0x08002160   0x00000050   Code   RO         1138    i.prvCheckForValidListAndQueue  timers.o
    0x080021b0   0x00000050   Code   RO          780    i.prvCheckTasksWaitingTermination  tasks.o
    0x08002200   0x00000026   Code   RO           93    i.prvCopyDataFromQueue  queue.o
    0x08002226   0x0000006c   Code   RO           94    i.prvCopyDataToQueue  queue.o
    0x08002292   0x00000014   Code   RO          781    i.prvDeleteTCB      tasks.o
    0x080022a6   0x00000002   PAD
    0x080022a8   0x00000048   Code   RO            1    i.prvHeapInit       heap_4.o
    0x080022f0   0x00000028   Code   RO          782    i.prvIdleTask       tasks.o
    0x08002318   0x0000008e   Code   RO          783    i.prvInitialiseNewTask  tasks.o
    0x080023a6   0x00000002   PAD
    0x080023a8   0x0000004c   Code   RO            2    i.prvInsertBlockIntoFreeList  heap_4.o
    0x080023f4   0x00000038   Code   RO         1139    i.prvInsertTimerInActiveList  timers.o
    0x0800242c   0x0000001c   Code   RO           95    i.prvIsQueueEmpty   queue.o
    0x08002448   0x000000b8   Code   RO         1140    i.prvProcessReceivedCommands  timers.o
    0x08002500   0x000000b4   Code   RO         1141    i.prvProcessTimerOrBlockTask  timers.o
    0x080025b4   0x00000020   Code   RO          784    i.prvResetNextTaskUnblockTime  tasks.o
    0x080025d4   0x00000028   Code   RO         1142    i.prvSampleTimeNow  timers.o
    0x080025fc   0x0000006c   Code   RO         1143    i.prvSwitchTimerLists  timers.o
    0x08002668   0x00000028   Code   RO          701    i.prvTaskExitError  port.o
    0x08002690   0x00000024   Code   RO         1144    i.prvTimerTask      timers.o
    0x080026b4   0x0000006a   Code   RO           96    i.prvUnlockQueue    queue.o
    0x0800271e   0x00000002   PAD
    0x08002720   0x000000d8   Code   RO            3    i.pvPortMalloc      heap_4.o
    0x080027f8   0x00000018   Code   RO          786    i.pvTaskIncrementMutexHeldCount  tasks.o
    0x08002810   0x00000024   Code   RO          702    i.pxPortInitialiseStack  port.o
    0x08002834   0x00000014   Code   RO         4388    i.set_user_temp     thermo_controller.o
    0x08002848   0x00000010   Code   RO         4389    i.switch_to_regular  thermo_controller.o
    0x08002858   0x00000014   Code   RO         4390    i.switch_to_stand_by  thermo_controller.o
    0x0800286c   0x00000010   Code   RO         4458    i.temp_stab_off     thermo_controller_periph.o
    0x0800287c   0x00000010   Code   RO         4459    i.temp_stab_on      thermo_controller_periph.o
    0x0800288c   0x0000002c   Code   RO         4391    i.thermo_controller_init  thermo_controller.o
    0x080028b8   0x000000e0   Code   RO         4392    i.thermo_controller_task  thermo_controller.o
    0x08002998   0x0000001c   Code   RO         4261    i.thermo_settings_init  thermo_settings.o
    0x080029b4   0x00000048   Code   RO         4262    i.thermo_settings_task  thermo_settings.o
    0x080029fc   0x00000010   Code   RO         4222    i.tm1637_clk_high   tm1637_periph.o
    0x08002a0c   0x00000010   Code   RO         4223    i.tm1637_clk_low    tm1637_periph.o
    0x08002a1c   0x00000010   Code   RO         4224    i.tm1637_dio_high   tm1637_periph.o
    0x08002a2c   0x00000010   Code   RO         4225    i.tm1637_dio_low    tm1637_periph.o
    0x08002a3c   0x0000004c   Code   RO         4151    i.tm1637_display_dec  tm1637.o
    0x08002a88   0x00000034   Code   RO         4152    i.tm1637_init       tm1637.o
    0x08002abc   0x0000001e   Code   RO         4153    i.tm1637_read_result  tm1637.o
    0x08002ada   0x0000001c   Code   RO         4154    i.tm1637_set_brightness  tm1637.o
    0x08002af6   0x00000018   Code   RO         4155    i.tm1637_start      tm1637.o
    0x08002b0e   0x00000028   Code   RO         4156    i.tm1637_stop       tm1637.o
    0x08002b36   0x00000002   PAD
    0x08002b38   0x00000058   Code   RO         4157    i.tm1637_task       tm1637.o
    0x08002b90   0x00000034   Code   RO         4158    i.tm1637_write_byte  tm1637.o
    0x08002bc4   0x00000024   Code   RO          664    i.uxListRemove      list.o
    0x08002be8   0x00000016   Code   RO          665    i.vListInitialise   list.o
    0x08002bfe   0x00000006   Code   RO          666    i.vListInitialiseItem  list.o
    0x08002c04   0x00000030   Code   RO          667    i.vListInsert       list.o
    0x08002c34   0x00000018   Code   RO          668    i.vListInsertEnd    list.o
    0x08002c4c   0x00000040   Code   RO          704    i.vPortEnterCritical  port.o
    0x08002c8c   0x00000028   Code   RO          705    i.vPortExitCritical  port.o
    0x08002cb4   0x0000005c   Code   RO            4    i.vPortFree         heap_4.o
    0x08002d10   0x00000020   Code   RO          706    i.vPortSetupTimerInterrupt  port.o
    0x08002d30   0x00000054   Code   RO          707    i.vPortValidateInterruptPriority  port.o
    0x08002d84   0x00000028   Code   RO          100    i.vQueueAddToRegistry  queue.o
    0x08002dac   0x00000044   Code   RO          103    i.vQueueWaitForMessageRestricted  queue.o
    0x08002df0   0x0000004c   Code   RO          792    i.vTaskDelay        tasks.o
    0x08002e3c   0x0000000c   Code   RO          796    i.vTaskMissedYield  tasks.o
    0x08002e48   0x00000030   Code   RO          798    i.vTaskPlaceOnEventList  tasks.o
    0x08002e78   0x00000038   Code   RO          799    i.vTaskPlaceOnEventListRestricted  tasks.o
    0x08002eb0   0x00000084   Code   RO          801    i.vTaskPriorityInherit  tasks.o
    0x08002f34   0x00000024   Code   RO          804    i.vTaskSetTimeOutState  tasks.o
    0x08002f58   0x00000070   Code   RO          805    i.vTaskStartScheduler  tasks.o
    0x08002fc8   0x00000010   Code   RO          807    i.vTaskSuspendAll   tasks.o
    0x08002fd8   0x0000005c   Code   RO          808    i.vTaskSwitchContext  tasks.o
    0x08003034   0x00000074   Code   RO          708    i.xPortStartScheduler  port.o
    0x080030a8   0x0000002c   Code   RO          709    i.xPortSysTickHandler  port.o
    0x080030d4   0x00000048   Code   RO          105    i.xQueueGenericCreate  queue.o
    0x0800311c   0x0000016c   Code   RO          106    i.xQueueGenericReceive  queue.o
    0x08003288   0x00000088   Code   RO          107    i.xQueueGenericReset  queue.o
    0x08003310   0x00000160   Code   RO          108    i.xQueueGenericSend  queue.o
    0x08003470   0x000000bc   Code   RO          109    i.xQueueGenericSendFromISR  queue.o
    0x0800352c   0x0000006c   Code   RO          809    i.xTaskCheckForTimeOut  tasks.o
    0x08003598   0x00000056   Code   RO          810    i.xTaskCreate       tasks.o
    0x080035ee   0x00000002   PAD
    0x080035f0   0x000000cc   Code   RO          811    i.xTaskGenericNotify  tasks.o
    0x080036bc   0x0000001c   Code   RO          814    i.xTaskGetSchedulerState  tasks.o
    0x080036d8   0x0000000c   Code   RO          815    i.xTaskGetTickCount  tasks.o
    0x080036e4   0x00000010   Code   RO          816    i.xTaskGetTickCountFromISR  tasks.o
    0x080036f4   0x000000c8   Code   RO          817    i.xTaskIncrementTick  tasks.o
    0x080037bc   0x0000008c   Code   RO          819    i.xTaskNotifyWait   tasks.o
    0x08003848   0x00000098   Code   RO          820    i.xTaskPriorityDisinherit  tasks.o
    0x080038e0   0x00000074   Code   RO          821    i.xTaskRemoveFromEventList  tasks.o
    0x08003954   0x000000c4   Code   RO          823    i.xTaskResumeAll    tasks.o
    0x08003a18   0x0000004e   Code   RO         1147    i.xTimerCreate      timers.o
    0x08003a66   0x00000002   PAD
    0x08003a68   0x00000048   Code   RO         1148    i.xTimerCreateTimerTask  timers.o
    0x08003ab0   0x00000060   Code   RO         1149    i.xTimerGenericCommand  timers.o
    0x08003b10   0x00000010   Data   RO         1246    .constdata          system_stm32f1xx.o
    0x08003b20   0x00000008   Data   RO         1247    .constdata          system_stm32f1xx.o
    0x08003b28   0x00000014   Data   RO         3818    .constdata          main.o
    0x08003b3c   0x00000011   Data   RO         4159    .constdata          tm1637.o
    0x08003b4d   0x00000003   PAD
    0x08003b50   0x00000018   Data   RO         4263    .constdata          thermo_settings.o
    0x08003b68   0x0000000c   Data   RO         3819    .conststring        main.o
    0x08003b74   0x00000020   Data   RO         4580    Region$$Table       anon$$obj.o


    Execution Region RW_IRAM1 (Base: 0x20000000, Size: 0x00003708, Max: 0x00005000, ABSOLUTE)

    Base Addr    Size         Type   Attr      Idx    E Section Name        Object

    0x20000000   0x00000018   Data   RW            9    .data               heap_4.o
    0x20000018   0x0000000c   Data   RW          710    .data               port.o
    0x20000024   0x0000003c   Data   RW          826    .data               tasks.o
    0x20000060   0x00000014   Data   RW         1155    .data               timers.o
    0x20000074   0x00000004   Data   RW         1248    .data               system_stm32f1xx.o
    0x20000078   0x00000004   Data   RW         3332    .data               stm32f1xx_hal.o
    0x2000007c   0x00000004   Data   RW         3820    .data               main.o
    0x20000080   0x00000008   Data   RW         4160    .data               tm1637.o
    0x20000088   0x00000004   Data   RW         4264    .data               thermo_settings.o
    0x2000008c   0x0000000c   Data   RW         4316    .data               buzzer.o
    0x20000098   0x00000018   Data   RW         4393    .data               thermo_controller.o
    0x200000b0   0x00000008   Data   RW         4517    .data               cradle.o
    0x200000b8   0x00002fc4   Zero   RW            8    .bss                heap_4.o
    0x2000307c   0x00000040   Zero   RW          115    .bss                queue.o
    0x200030bc   0x000000f0   Zero   RW          825    .bss                tasks.o
    0x200031ac   0x00000028   Zero   RW         1154    .bss                timers.o
    0x200031d4   0x00000040   Zero   RW         4048    .bss                stm32f1xx_hal_timebase_tim.o
    0x20003214   0x000000f4   Zero   RW         4092    .bss                init.o
    0x20003308   0x00000400   Zero   RW         3804    STACK               startup_stm32f103xb.o


==============================================================================

Image component sizes


      Code (inc. data)   RO Data    RW Data    ZI Data      Debug   Object Name

       146         20          0         12          0       2391   buzzer.o
        64         14          0          0          0       1261   buzzer_periph.o
       102          0          0          0          0      17444   cmsis_os.o
       124         22          0          8          0       2522   cradle.o
         0          0          0          0          0       8044   croutine.o
       456         22          0         24      12228      20755   heap_4.o
       798        136          0          0        244       4217   init.o
       136          0          0          0          0       3298   list.o
       122         16         32          4          0       6031   main.o
       606         72          0         12          0      10837   port.o
      1500         20          0          0         64      24109   queue.o
        36          8        236          0       1024        756   startup_stm32f103xb.o
        92         16          0          4          0       2972   stm32f1xx_hal.o
      1278         54          0          0          0       7059   stm32f1xx_hal_adc.o
       218         14          0          0          0      26233   stm32f1xx_hal_cortex.o
       490         42          0          0          0       4523   stm32f1xx_hal_gpio.o
       264         10          0          0          0       2859   stm32f1xx_hal_i2c.o
       388         56          0          0          0       3206   stm32f1xx_hal_msp.o
      1360        114          0          0          0       6125   stm32f1xx_hal_rcc.o
       436         46          0          0          0       2485   stm32f1xx_hal_rcc_ex.o
      1294         46          0          0          0      12596   stm32f1xx_hal_tim.o
        84          0          0          0          0       2266   stm32f1xx_hal_tim_ex.o
       116         16          0          0         64       1400   stm32f1xx_hal_timebase_tim.o
        28          6          0          0          0       3245   stm32f1xx_it.o
        72         16         24          4          0     439819   system_stm32f1xx.o
      2496        216          0         60        240      25473   tasks.o
       364         42          0         24          0       4316   thermo_controller.o
       136         36          0          0          0       3052   thermo_controller_periph.o
       100         14         24          4          0       1726   thermo_settings.o
        40          6          0          0          0        529   thermo_settings_periph.o
       930         78          0         20         40      10506   timers.o
       390         24         17          8          0       4613   tm1637.o
        64         20          0          0          0       1622   tm1637_periph.o

    ----------------------------------------------------------------------
     14760       1202        368        184      13904     668290   Object Totals
         0          0         32          0          0          0   (incl. Generated)
        30          0          3          0          0          0   (incl. Padding)

    ----------------------------------------------------------------------

      Code (inc. data)   RO Data    RW Data    ZI Data      Debug   Library Member Name

         0          0          0          0          0          0   entry.o
         0          0          0          0          0          0   entry10a.o
         0          0          0          0          0          0   entry11a.o
         8          4          0          0          0          0   entry2.o
         4          0          0          0          0          0   entry5.o
         0          0          0          0          0          0   entry7b.o
         0          0          0          0          0          0   entry8b.o
         8          4          0          0          0          0   entry9a.o
        30          0          0          0          0          0   handlers.o
        36          8          0          0          0         68   init.o
        36          0          0          0          0         68   memcpya.o

    ----------------------------------------------------------------------
       124         16          0          0          0        136   Library Totals
         2          0          0          0          0          0   (incl. Padding)

    ----------------------------------------------------------------------

      Code (inc. data)   RO Data    RW Data    ZI Data      Debug   Library Name

       122         16          0          0          0        136   mc_w.l

    ----------------------------------------------------------------------
       124         16          0          0          0        136   Library Totals

    ----------------------------------------------------------------------

==============================================================================


      Code (inc. data)   RO Data    RW Data    ZI Data      Debug   

     14884       1218        368        184      13904     658906   Grand Totals
     14884       1218        368        184      13904     658906   ELF Image Totals
     14884       1218        368        184          0          0   ROM Totals

==============================================================================

    Total RO  Size (Code + RO Data)                15252 (  14.89kB)
    Total RW  Size (RW Data + ZI Data)             14088 (  13.76kB)
    Total ROM Size (Code + RO Data + RW Data)      15436 (  15.07kB)

==============================================================================

